
> wdio
> wdio run src/config/wdio.conf.js


Execution of 16 workers started at 2026-04-30T22:32:31.887Z

[0-0] RUNNING in chrome - file:///C:/Cursos/JavaScript/testing-epam/wdio-cucumber-e2e-specialization/src/tests/features/auth/signup.feature
[0-0] [17:32:36.768] [32mINFO[39m (38600): [36m==============================================[39m
[0-0] [17:32:36.771] [32mINFO[39m (38600): [36mSETTING UP TEST SUITE[39m
[0-0] [17:32:36.771] [32mINFO[39m (38600): [36m==============================================[39m
[0-0] [17:32:36.791] [32mINFO[39m (38600): [36m🎬 Starting scenario: "Successful Sign Up with valid data"[39m
[0-0] [17:32:36.829] [32mINFO[39m (38600): [36mNo login required for this scenario[39m
[0-0] [17:32:42.617] [32mINFO[39m (38600): [36mRegister button already clicked inside registerUser()[39m
[0-0] Error in "0: Then the system should create a new account"
Error: URL did not contain "/auth/login" within 10000ms
    at <anonymous> (C:\Cursos\JavaScript\testing-epam\wdio-cucumber-e2e-specialization\node_modules\webdriverio\build\node.js:5771:15)
    at async Browser.wrapCommandFn (C:\Cursos\JavaScript\testing-epam\wdio-cucumber-e2e-specialization\node_modules\@wdio\utils\build\index.js:982:23)
    at async Module.waitForUrlToContain (C:\Cursos\JavaScript\testing-epam\wdio-cucumber-e2e-specialization\src\core\browser\wait-helper.ts:5:12)
    at async LoginPage.verifyOnLoginPage (C:\Cursos\JavaScript\testing-epam\wdio-cucumber-e2e-specialization\src\business\pages\auth\login.page.ts:28:9)
    at async World.<anonymous> (C:\Cursos\JavaScript\testing-epam\wdio-cucumber-e2e-specialization\src\tests\step-definitions\auth\signup.steps.ts:25:5)
[0-0] [17:32:52.693] [32mINFO[39m (38600): [36m❌ Completed: "Successful Sign Up with valid data" - FAILED[39m
[0-0] [17:32:52.765] [31mERROR[39m (38600): [36m`❌ Scenario failed: ${result.error.message}`[39m
[0-0] [17:32:52.766] [32mINFO[39m (38600): [36m==============================================[39m
[0-0] [17:32:52.767] [32mINFO[39m (38600): [36mTEST SUITE COMPLETED[39m
[0-0] [17:32:52.767] [32mINFO[39m (38600): [36m==============================================[39m
[0-0] RETRYING in chrome - file:///C:/Cursos/JavaScript/testing-epam/wdio-cucumber-e2e-specialization/src/tests/features/auth/signup.feature
[0-0] RUNNING in chrome - file:///C:/Cursos/JavaScript/testing-epam/wdio-cucumber-e2e-specialization/src/tests/features/auth/signup.feature
[0-0] [17:32:57.629] [32mINFO[39m (8176): [36m==============================================[39m
[0-0] [17:32:57.632] [32mINFO[39m (8176): [36mSETTING UP TEST SUITE[39m
[0-0] [17:32:57.632] [32mINFO[39m (8176): [36m==============================================[39m
[0-0] [17:32:57.652] [32mINFO[39m (8176): [36m🎬 Starting scenario: "Successful Sign Up with valid data"[39m
[0-0] [17:32:57.690] [32mINFO[39m (8176): [36mNo login required for this scenario[39m
[0-0] [17:33:03.002] [32mINFO[39m (8176): [36mRegister button already clicked inside registerUser()[39m
[0-0] Error in "0: Then the system should create a new account"
Error: URL did not contain "/auth/login" within 10000ms
    at <anonymous> (C:\Cursos\JavaScript\testing-epam\wdio-cucumber-e2e-specialization\node_modules\webdriverio\build\node.js:5771:15)
    at async Browser.wrapCommandFn (C:\Cursos\JavaScript\testing-epam\wdio-cucumber-e2e-specialization\node_modules\@wdio\utils\build\index.js:982:23)
    at async Module.waitForUrlToContain (C:\Cursos\JavaScript\testing-epam\wdio-cucumber-e2e-specialization\src\core\browser\wait-helper.ts:5:12)
    at async LoginPage.verifyOnLoginPage (C:\Cursos\JavaScript\testing-epam\wdio-cucumber-e2e-specialization\src\business\pages\auth\login.page.ts:28:9)
    at async World.<anonymous> (C:\Cursos\JavaScript\testing-epam\wdio-cucumber-e2e-specialization\src\tests\step-definitions\auth\signup.steps.ts:25:5)
[0-0] [17:33:13.081] [32mINFO[39m (8176): [36m❌ Completed: "Successful Sign Up with valid data" - FAILED[39m
[0-0] [17:33:13.150] [31mERROR[39m (8176): [36m`❌ Scenario failed: ${result.error.message}`[39m
[0-0] [17:33:13.151] [32mINFO[39m (8176): [36m==============================================[39m
[0-0] [17:33:13.152] [32mINFO[39m (8176): [36mTEST SUITE COMPLETED[39m
[0-0] [17:33:13.152] [32mINFO[39m (8176): [36m==============================================[39m
[0-0] RETRYING in chrome - file:///C:/Cursos/JavaScript/testing-epam/wdio-cucumber-e2e-specialization/src/tests/features/auth/signup.feature (1 retries)
[0-0] RUNNING in chrome - file:///C:/Cursos/JavaScript/testing-epam/wdio-cucumber-e2e-specialization/src/tests/features/auth/signup.feature
[0-0] [17:33:18.072] [32mINFO[39m (30236): [36m==============================================[39m
[0-0] [17:33:18.075] [32mINFO[39m (30236): [36mSETTING UP TEST SUITE[39m
[0-0] [17:33:18.076] [32mINFO[39m (30236): [36m==============================================[39m
[0-0] [17:33:18.093] [32mINFO[39m (30236): [36m🎬 Starting scenario: "Successful Sign Up with valid data"[39m
[0-0] [17:33:18.123] [32mINFO[39m (30236): [36mNo login required for this scenario[39m
[0-0] [17:33:23.788] [32mINFO[39m (30236): [36mRegister button already clicked inside registerUser()[39m
[0-0] Error in "0: Then the system should create a new account"
Error: URL did not contain "/auth/login" within 10000ms
    at <anonymous> (C:\Cursos\JavaScript\testing-epam\wdio-cucumber-e2e-specialization\node_modules\webdriverio\build\node.js:5771:15)
    at async Browser.wrapCommandFn (C:\Cursos\JavaScript\testing-epam\wdio-cucumber-e2e-specialization\node_modules\@wdio\utils\build\index.js:982:23)
    at async Module.waitForUrlToContain (C:\Cursos\JavaScript\testing-epam\wdio-cucumber-e2e-specialization\src\core\browser\wait-helper.ts:5:12)
    at async LoginPage.verifyOnLoginPage (C:\Cursos\JavaScript\testing-epam\wdio-cucumber-e2e-specialization\src\business\pages\auth\login.page.ts:28:9)
    at async World.<anonymous> (C:\Cursos\JavaScript\testing-epam\wdio-cucumber-e2e-specialization\src\tests\step-definitions\auth\signup.steps.ts:25:5)
[0-0] [17:33:33.865] [32mINFO[39m (30236): [36m❌ Completed: "Successful Sign Up with valid data" - FAILED[39m
[0-0] [17:33:33.928] [31mERROR[39m (30236): [36m`❌ Scenario failed: ${result.error.message}`[39m
[0-0] [17:33:33.930] [32mINFO[39m (30236): [36m==============================================[39m
[0-0] [17:33:33.930] [32mINFO[39m (30236): [36mTEST SUITE COMPLETED[39m
[0-0] [17:33:33.930] [32mINFO[39m (30236): [36m==============================================[39m
[0-0] FAILED in chrome - file:///C:/Cursos/JavaScript/testing-epam/wdio-cucumber-e2e-specialization/src/tests/features/auth/signup.feature (2 retries)
[0-1] RUNNING in chrome - file:///C:/Cursos/JavaScript/testing-epam/wdio-cucumber-e2e-specialization/src/tests/features/auth/login.feature
[0-1] [17:33:38.738] [32mINFO[39m (9848): [36m==============================================[39m
[0-1] [17:33:38.741] [32mINFO[39m (9848): [36mSETTING UP TEST SUITE[39m
[0-1] [17:33:38.741] [32mINFO[39m (9848): [36m==============================================[39m
[0-1] [17:33:38.756] [32mINFO[39m (9848): [36m🎬 Starting scenario: "Successful login with valid credentials"[39m
[0-1] [17:33:38.792] [32mINFO[39m (9848): [36mNo login required for this scenario[39m
[0-1] [17:33:42.528] [32mINFO[39m (9848): [36mSuccessfully logged in and redirected to account page[39m
[0-1] [17:33:42.529] [32mINFO[39m (9848): [36mLogin button click handled inside login() method[39m
[0-1] [17:33:42.546] [32mINFO[39m (9848): [36m✅ Completed: "Successful login with valid credentials" - PASSED[39m
[0-1] [17:33:42.549] [32mINFO[39m (9848): [36m==============================================[39m
[0-1] [17:33:42.550] [32mINFO[39m (9848): [36mTEST SUITE COMPLETED[39m
[0-1] [17:33:42.550] [32mINFO[39m (9848): [36m==============================================[39m
[0-1] PASSED in chrome - file:///C:/Cursos/JavaScript/testing-epam/wdio-cucumber-e2e-specialization/src/tests/features/auth/login.feature
[0-2] RUNNING in chrome - file:///C:/Cursos/JavaScript/testing-epam/wdio-cucumber-e2e-specialization/src/tests/features/auth/profile.feature
[0-2] [17:33:47.287] [32mINFO[39m (2624): [36m==============================================[39m
[0-2] [17:33:47.290] [32mINFO[39m (2624): [36mSETTING UP TEST SUITE[39m
[0-2] [17:33:47.290] [32mINFO[39m (2624): [36m==============================================[39m
[0-2] [17:33:47.309] [32mINFO[39m (2624): [36m🎬 Starting scenario: "Update User Profile information"[39m
[0-2] [17:33:47.346] [32mINFO[39m (2624): [36m🔐 Scenario requires authenticated user[39m
[0-2] [17:34:02.717] [32mINFO[39m (2624): [36m❌ Completed: "Update User Profile information" - FAILED[39m
[0-2] [17:34:02.796] [31mERROR[39m (2624): [36m`❌ Scenario failed: ${result.error.message}`[39m
[0-2] [17:34:02.797] [32mINFO[39m (2624): [36m==============================================[39m
[0-2] [17:34:02.798] [32mINFO[39m (2624): [36mTEST SUITE COMPLETED[39m
[0-2] [17:34:02.798] [32mINFO[39m (2624): [36m==============================================[39m
[0-2] RETRYING in chrome - file:///C:/Cursos/JavaScript/testing-epam/wdio-cucumber-e2e-specialization/src/tests/features/auth/profile.feature
[0-2] RUNNING in chrome - file:///C:/Cursos/JavaScript/testing-epam/wdio-cucumber-e2e-specialization/src/tests/features/auth/profile.feature
[0-2] [17:34:07.691] [32mINFO[39m (13692): [36m==============================================[39m
[0-2] [17:34:07.694] [32mINFO[39m (13692): [36mSETTING UP TEST SUITE[39m
[0-2] [17:34:07.695] [32mINFO[39m (13692): [36m==============================================[39m
[0-2] [17:34:07.714] [32mINFO[39m (13692): [36m🎬 Starting scenario: "Update User Profile information"[39m
[0-2] [17:34:07.746] [32mINFO[39m (13692): [36m🔐 Scenario requires authenticated user[39m
[0-2] [17:34:23.407] [32mINFO[39m (13692): [36m❌ Completed: "Update User Profile information" - FAILED[39m
[0-2] [17:34:23.479] [31mERROR[39m (13692): [36m`❌ Scenario failed: ${result.error.message}`[39m
[0-2] [17:34:23.481] [32mINFO[39m (13692): [36m==============================================[39m
[0-2] [17:34:23.481] [32mINFO[39m (13692): [36mTEST SUITE COMPLETED[39m
[0-2] [17:34:23.481] [32mINFO[39m (13692): [36m==============================================[39m
[0-2] RETRYING in chrome - file:///C:/Cursos/JavaScript/testing-epam/wdio-cucumber-e2e-specialization/src/tests/features/auth/profile.feature (1 retries)
[0-2] RUNNING in chrome - file:///C:/Cursos/JavaScript/testing-epam/wdio-cucumber-e2e-specialization/src/tests/features/auth/profile.feature
[0-2] [17:34:28.320] [32mINFO[39m (26124): [36m==============================================[39m
[0-2] [17:34:28.323] [32mINFO[39m (26124): [36mSETTING UP TEST SUITE[39m
[0-2] [17:34:28.324] [32mINFO[39m (26124): [36m==============================================[39m
[0-2] [17:34:28.343] [32mINFO[39m (26124): [36m🎬 Starting scenario: "Update User Profile information"[39m
[0-2] [17:34:28.381] [32mINFO[39m (26124): [36m🔐 Scenario requires authenticated user[39m
[0-2] [17:34:43.556] [32mINFO[39m (26124): [36m❌ Completed: "Update User Profile information" - FAILED[39m
[0-2] [17:34:43.626] [31mERROR[39m (26124): [36m`❌ Scenario failed: ${result.error.message}`[39m
[0-2] [17:34:43.628] [32mINFO[39m (26124): [36m==============================================[39m
[0-2] [17:34:43.628] [32mINFO[39m (26124): [36mTEST SUITE COMPLETED[39m
[0-2] [17:34:43.628] [32mINFO[39m (26124): [36m==============================================[39m
[0-2] FAILED in chrome - file:///C:/Cursos/JavaScript/testing-epam/wdio-cucumber-e2e-specialization/src/tests/features/auth/profile.feature (2 retries)
[0-3] RUNNING in chrome - file:///C:/Cursos/JavaScript/testing-epam/wdio-cucumber-e2e-specialization/src/tests/features/products/product-details.feature
[0-3] [17:34:48.586] [32mINFO[39m (36008): [36m==============================================[39m
[0-3] [17:34:48.589] [32mINFO[39m (36008): [36mSETTING UP TEST SUITE[39m
[0-3] [17:34:48.590] [32mINFO[39m (36008): [36m==============================================[39m
[0-3] [17:34:48.609] [32mINFO[39m (36008): [36m🎬 Starting scenario: "View Product Details"[39m
[0-3] [17:34:48.648] [32mINFO[39m (36008): [36mNo login required for this scenario[39m
[0-3] [17:34:54.295] [32mINFO[39m (36008): [36m✅ Completed: "View Product Details" - PASSED[39m
[0-3] [17:34:54.297] [32mINFO[39m (36008): [36m==============================================[39m
[0-3] [17:34:54.297] [32mINFO[39m (36008): [36mTEST SUITE COMPLETED[39m
[0-3] [17:34:54.297] [32mINFO[39m (36008): [36m==============================================[39m
[0-3] PASSED in chrome - file:///C:/Cursos/JavaScript/testing-epam/wdio-cucumber-e2e-specialization/src/tests/features/products/product-details.feature
[0-4] RUNNING in chrome - file:///C:/Cursos/JavaScript/testing-epam/wdio-cucumber-e2e-specialization/src/tests/features/cart/cart-operations.feature
[0-4] [17:34:59.340] [32mINFO[39m (204): [36m==============================================[39m
[0-4] [17:34:59.345] [32mINFO[39m (204): [36mSETTING UP TEST SUITE[39m
[0-4] [17:34:59.347] [32mINFO[39m (204): [36m==============================================[39m
[0-4] [17:34:59.379] [32mINFO[39m (204): [36m🎬 Starting scenario: "Add products to the cart"[39m
[0-4] [17:34:59.422] [32mINFO[39m (204): [36mNo login required for this scenario[39m
[0-4] [17:35:05.395] [32mINFO[39m (204): [36mProduct added successfully[39m
[0-4] Error in "0: And a successful message should appear"
Error: element ("//*[contains(text(),"shopping cart")]") still not displayed after 5000ms
    at <anonymous> (C:\Cursos\JavaScript\testing-epam\wdio-cucumber-e2e-specialization\node_modules\webdriverio\build\node.js:5771:15)
    at async Element.wrapCommandFn (C:\Cursos\JavaScript\testing-epam\wdio-cucumber-e2e-specialization\node_modules\@wdio\utils\build\index.js:982:23)
    at async Element.elementErrorHandlerCallbackFn (C:\Cursos\JavaScript\testing-epam\wdio-cucumber-e2e-specialization\node_modules\webdriverio\build\node.js:8515:24)
    at async Element.wrapCommandFn (C:\Cursos\JavaScript\testing-epam\wdio-cucumber-e2e-specialization\node_modules\@wdio\utils\build\index.js:982:23)
    at async Element.wrapCommandFn (C:\Cursos\JavaScript\testing-epam\wdio-cucumber-e2e-specialization\node_modules\@wdio\utils\build\index.js:982:23)
    at async Element.elementErrorHandlerCallbackFn (C:\Cursos\JavaScript\testing-epam\wdio-cucumber-e2e-specialization\node_modules\webdriverio\build\node.js:8515:24)
    at async Element.wrapCommandFn (C:\Cursos\JavaScript\testing-epam\wdio-cucumber-e2e-specialization\node_modules\@wdio\utils\build\index.js:982:23)
    at async waitForElementVisible (C:\Cursos\JavaScript\testing-epam\wdio-cucumber-e2e-specialization\src\core\browser\wait-helper.ts:18:5)
    at async World.<anonymous> (C:\Cursos\JavaScript\testing-epam\wdio-cucumber-e2e-specialization\src\tests\step-definitions\products\add2cart.steps.ts:25:5)
[0-4] [17:35:11.841] [32mINFO[39m (204): [36m❌ Completed: "Add products to the cart" - FAILED[39m
[0-4] [17:35:12.030] [31mERROR[39m (204): [36m`❌ Scenario failed: ${result.error.message}`[39m
[0-4] [17:35:12.033] [32mINFO[39m (204): [36m==============================================[39m
[0-4] [17:35:12.033] [32mINFO[39m (204): [36mTEST SUITE COMPLETED[39m
[0-4] [17:35:12.033] [32mINFO[39m (204): [36m==============================================[39m
[0-4] RETRYING in chrome - file:///C:/Cursos/JavaScript/testing-epam/wdio-cucumber-e2e-specialization/src/tests/features/cart/cart-operations.feature
[0-4] RUNNING in chrome - file:///C:/Cursos/JavaScript/testing-epam/wdio-cucumber-e2e-specialization/src/tests/features/cart/cart-operations.feature
[0-4] [17:35:17.194] [32mINFO[39m (34728): [36m==============================================[39m
[0-4] [17:35:17.198] [32mINFO[39m (34728): [36mSETTING UP TEST SUITE[39m
[0-4] [17:35:17.198] [32mINFO[39m (34728): [36m==============================================[39m
[0-4] [17:35:17.216] [32mINFO[39m (34728): [36m🎬 Starting scenario: "Add products to the cart"[39m
[0-4] [17:35:17.248] [32mINFO[39m (34728): [36mNo login required for this scenario[39m
[0-4] [17:35:22.867] [32mINFO[39m (34728): [36mProduct added successfully[39m
[0-4] Error in "0: And a successful message should appear"
Error: element ("//*[contains(text(),"shopping cart")]") still not displayed after 5000ms
    at <anonymous> (C:\Cursos\JavaScript\testing-epam\wdio-cucumber-e2e-specialization\node_modules\webdriverio\build\node.js:5771:15)
    at async Element.wrapCommandFn (C:\Cursos\JavaScript\testing-epam\wdio-cucumber-e2e-specialization\node_modules\@wdio\utils\build\index.js:982:23)
    at async Element.elementErrorHandlerCallbackFn (C:\Cursos\JavaScript\testing-epam\wdio-cucumber-e2e-specialization\node_modules\webdriverio\build\node.js:8515:24)
    at async Element.wrapCommandFn (C:\Cursos\JavaScript\testing-epam\wdio-cucumber-e2e-specialization\node_modules\@wdio\utils\build\index.js:982:23)
    at async Element.wrapCommandFn (C:\Cursos\JavaScript\testing-epam\wdio-cucumber-e2e-specialization\node_modules\@wdio\utils\build\index.js:982:23)
    at async Element.elementErrorHandlerCallbackFn (C:\Cursos\JavaScript\testing-epam\wdio-cucumber-e2e-specialization\node_modules\webdriverio\build\node.js:8515:24)
    at async Element.wrapCommandFn (C:\Cursos\JavaScript\testing-epam\wdio-cucumber-e2e-specialization\node_modules\@wdio\utils\build\index.js:982:23)
    at async waitForElementVisible (C:\Cursos\JavaScript\testing-epam\wdio-cucumber-e2e-specialization\src\core\browser\wait-helper.ts:18:5)
    at async World.<anonymous> (C:\Cursos\JavaScript\testing-epam\wdio-cucumber-e2e-specialization\src\tests\step-definitions\products\add2cart.steps.ts:25:5)
[0-4] [17:35:29.287] [32mINFO[39m (34728): [36m❌ Completed: "Add products to the cart" - FAILED[39m
[0-4] [17:35:29.486] [31mERROR[39m (34728): [36m`❌ Scenario failed: ${result.error.message}`[39m
[0-4] [17:35:29.487] [32mINFO[39m (34728): [36m==============================================[39m
[0-4] [17:35:29.488] [32mINFO[39m (34728): [36mTEST SUITE COMPLETED[39m
[0-4] [17:35:29.488] [32mINFO[39m (34728): [36m==============================================[39m
[0-4] RETRYING in chrome - file:///C:/Cursos/JavaScript/testing-epam/wdio-cucumber-e2e-specialization/src/tests/features/cart/cart-operations.feature (1 retries)
[0-4] RUNNING in chrome - file:///C:/Cursos/JavaScript/testing-epam/wdio-cucumber-e2e-specialization/src/tests/features/cart/cart-operations.feature
[0-4] [17:35:34.662] [32mINFO[39m (21692): [36m==============================================[39m
[0-4] [17:35:34.667] [32mINFO[39m (21692): [36mSETTING UP TEST SUITE[39m
[0-4] [17:35:34.669] [32mINFO[39m (21692): [36m==============================================[39m
[0-4] [17:35:34.702] [32mINFO[39m (21692): [36m🎬 Starting scenario: "Add products to the cart"[39m
[0-4] [17:35:34.734] [32mINFO[39m (21692): [36mNo login required for this scenario[39m
[0-4] [17:35:40.480] [32mINFO[39m (21692): [36mProduct added successfully[39m
[0-4] Error in "0: And a successful message should appear"
Error: element ("//*[contains(text(),"shopping cart")]") still not displayed after 5000ms
    at <anonymous> (C:\Cursos\JavaScript\testing-epam\wdio-cucumber-e2e-specialization\node_modules\webdriverio\build\node.js:5771:15)
    at async Element.wrapCommandFn (C:\Cursos\JavaScript\testing-epam\wdio-cucumber-e2e-specialization\node_modules\@wdio\utils\build\index.js:982:23)
    at async Element.elementErrorHandlerCallbackFn (C:\Cursos\JavaScript\testing-epam\wdio-cucumber-e2e-specialization\node_modules\webdriverio\build\node.js:8515:24)
    at async Element.wrapCommandFn (C:\Cursos\JavaScript\testing-epam\wdio-cucumber-e2e-specialization\node_modules\@wdio\utils\build\index.js:982:23)
    at async Element.wrapCommandFn (C:\Cursos\JavaScript\testing-epam\wdio-cucumber-e2e-specialization\node_modules\@wdio\utils\build\index.js:982:23)
    at async Element.elementErrorHandlerCallbackFn (C:\Cursos\JavaScript\testing-epam\wdio-cucumber-e2e-specialization\node_modules\webdriverio\build\node.js:8515:24)
    at async Element.wrapCommandFn (C:\Cursos\JavaScript\testing-epam\wdio-cucumber-e2e-specialization\node_modules\@wdio\utils\build\index.js:982:23)
    at async waitForElementVisible (C:\Cursos\JavaScript\testing-epam\wdio-cucumber-e2e-specialization\src\core\browser\wait-helper.ts:18:5)
    at async World.<anonymous> (C:\Cursos\JavaScript\testing-epam\wdio-cucumber-e2e-specialization\src\tests\step-definitions\products\add2cart.steps.ts:25:5)
[0-4] [17:35:46.997] [32mINFO[39m (21692): [36m❌ Completed: "Add products to the cart" - FAILED[39m
[0-4] [17:35:47.200] [31mERROR[39m (21692): [36m`❌ Scenario failed: ${result.error.message}`[39m
[0-4] [17:35:47.202] [32mINFO[39m (21692): [36m==============================================[39m
[0-4] [17:35:47.202] [32mINFO[39m (21692): [36mTEST SUITE COMPLETED[39m
[0-4] [17:35:47.202] [32mINFO[39m (21692): [36m==============================================[39m
[0-4] FAILED in chrome - file:///C:/Cursos/JavaScript/testing-epam/wdio-cucumber-e2e-specialization/src/tests/features/cart/cart-operations.feature (2 retries)
[0-5] RUNNING in chrome - file:///C:/Cursos/JavaScript/testing-epam/wdio-cucumber-e2e-specialization/src/tests/features/favorites/favorites.feature
[0-5] [17:35:52.388] [32mINFO[39m (22752): [36m==============================================[39m
[0-5] [17:35:52.391] [32mINFO[39m (22752): [36mSETTING UP TEST SUITE[39m
[0-5] [17:35:52.391] [32mINFO[39m (22752): [36m==============================================[39m
[0-5] [17:35:52.412] [32mINFO[39m (22752): [36m🎬 Starting scenario: "Add a product to Favorites"[39m
[0-5] [17:35:52.438] [32mINFO[39m (22752): [36m🔐 Scenario requires authenticated user[39m
[0-5] [17:36:08.392] [32mINFO[39m (22752): [36m❌ Completed: "Add a product to Favorites" - FAILED[39m
[0-5] [17:36:08.474] [31mERROR[39m (22752): [36m`❌ Scenario failed: ${result.error.message}`[39m
[0-5] [17:36:08.476] [32mINFO[39m (22752): [36m==============================================[39m
[0-5] [17:36:08.477] [32mINFO[39m (22752): [36mTEST SUITE COMPLETED[39m
[0-5] [17:36:08.477] [32mINFO[39m (22752): [36m==============================================[39m
[0-5] RETRYING in chrome - file:///C:/Cursos/JavaScript/testing-epam/wdio-cucumber-e2e-specialization/src/tests/features/favorites/favorites.feature
[0-5] RUNNING in chrome - file:///C:/Cursos/JavaScript/testing-epam/wdio-cucumber-e2e-specialization/src/tests/features/favorites/favorites.feature
[0-5] [17:36:13.546] [32mINFO[39m (12604): [36m==============================================[39m
[0-5] [17:36:13.549] [32mINFO[39m (12604): [36mSETTING UP TEST SUITE[39m
[0-5] [17:36:13.550] [32mINFO[39m (12604): [36m==============================================[39m
[0-5] [17:36:13.571] [32mINFO[39m (12604): [36m🎬 Starting scenario: "Add a product to Favorites"[39m
[0-5] [17:36:13.608] [32mINFO[39m (12604): [36m🔐 Scenario requires authenticated user[39m
[0-5] [17:36:29.248] [32mINFO[39m (12604): [36m❌ Completed: "Add a product to Favorites" - FAILED[39m
[0-5] [17:36:29.323] [31mERROR[39m (12604): [36m`❌ Scenario failed: ${result.error.message}`[39m
[0-5] [17:36:29.324] [32mINFO[39m (12604): [36m==============================================[39m
[0-5] [17:36:29.325] [32mINFO[39m (12604): [36mTEST SUITE COMPLETED[39m
[0-5] [17:36:29.325] [32mINFO[39m (12604): [36m==============================================[39m
[0-5] RETRYING in chrome - file:///C:/Cursos/JavaScript/testing-epam/wdio-cucumber-e2e-specialization/src/tests/features/favorites/favorites.feature (1 retries)
[0-5] RUNNING in chrome - file:///C:/Cursos/JavaScript/testing-epam/wdio-cucumber-e2e-specialization/src/tests/features/favorites/favorites.feature
[0-5] [17:36:34.502] [32mINFO[39m (25924): [36m==============================================[39m
[0-5] [17:36:34.504] [32mINFO[39m (25924): [36mSETTING UP TEST SUITE[39m
[0-5] [17:36:34.505] [32mINFO[39m (25924): [36m==============================================[39m
[0-5] [17:36:34.522] [32mINFO[39m (25924): [36m🎬 Starting scenario: "Add a product to Favorites"[39m
[0-5] [17:36:34.563] [32mINFO[39m (25924): [36m🔐 Scenario requires authenticated user[39m
[0-5] [17:36:50.079] [32mINFO[39m (25924): [36m❌ Completed: "Add a product to Favorites" - FAILED[39m
[0-5] [17:36:50.155] [31mERROR[39m (25924): [36m`❌ Scenario failed: ${result.error.message}`[39m
[0-5] [17:36:50.157] [32mINFO[39m (25924): [36m==============================================[39m
[0-5] [17:36:50.157] [32mINFO[39m (25924): [36mTEST SUITE COMPLETED[39m
[0-5] [17:36:50.158] [32mINFO[39m (25924): [36m==============================================[39m
[0-5] FAILED in chrome - file:///C:/Cursos/JavaScript/testing-epam/wdio-cucumber-e2e-specialization/src/tests/features/favorites/favorites.feature (2 retries)
[0-6] RUNNING in chrome - file:///C:/Cursos/JavaScript/testing-epam/wdio-cucumber-e2e-specialization/src/tests/features/products/search.feature
[0-6] [17:36:55.168] [32mINFO[39m (15868): [36m==============================================[39m
[0-6] [17:36:55.171] [32mINFO[39m (15868): [36mSETTING UP TEST SUITE[39m
[0-6] [17:36:55.171] [32mINFO[39m (15868): [36m==============================================[39m
[0-6] [17:36:55.191] [32mINFO[39m (15868): [36m🎬 Starting scenario: "Search for an exact product by name"[39m
[0-6] [17:36:55.215] [32mINFO[39m (15868): [36mNo login required for this scenario[39m
[0-6] [17:36:57.749] [32mINFO[39m (15868): [36mSearching product: pliers[39m
[0-6] [17:37:00.310] [32mINFO[39m (15868): [36mFound 27 products after search[39m
[0-6] [17:37:00.329] [32mINFO[39m (15868): [36msearchProduct already clicks the button[39m
[0-6] [17:37:01.966] [32mINFO[39m (15868): [36m✅ Completed: "Search for an exact product by name" - PASSED[39m
[0-6] [17:37:01.968] [32mINFO[39m (15868): [36m==============================================[39m
[0-6] [17:37:01.968] [32mINFO[39m (15868): [36mTEST SUITE COMPLETED[39m
[0-6] [17:37:01.968] [32mINFO[39m (15868): [36m==============================================[39m
[0-6] PASSED in chrome - file:///C:/Cursos/JavaScript/testing-epam/wdio-cucumber-e2e-specialization/src/tests/features/products/search.feature
[0-7] RUNNING in chrome - file:///C:/Cursos/JavaScript/testing-epam/wdio-cucumber-e2e-specialization/src/tests/features/ui/language.feature
[0-7] [17:37:07.249] [32mINFO[39m (6960): [36m==============================================[39m
[0-7] [17:37:07.252] [32mINFO[39m (6960): [36mSETTING UP TEST SUITE[39m
[0-7] [17:37:07.253] [32mINFO[39m (6960): [36m==============================================[39m
[0-7] [17:37:07.269] [32mINFO[39m (6960): [36m🎬 Starting scenario: "Change language on Home page"[39m
[0-7] [17:37:07.303] [32mINFO[39m (6960): [36mNo login required for this scenario[39m
[0-7] [17:37:10.252] [32mINFO[39m (6960): [36m✅ All product names remained in their original language[39m
[0-7] [17:37:10.253] [32mINFO[39m (6960): [36m✅ Completed: "Change language on Home page" - PASSED[39m
[0-7] [17:37:10.255] [32mINFO[39m (6960): [36m==============================================[39m
[0-7] [17:37:10.255] [32mINFO[39m (6960): [36mTEST SUITE COMPLETED[39m
[0-7] [17:37:10.255] [32mINFO[39m (6960): [36m==============================================[39m
[0-7] PASSED in chrome - file:///C:/Cursos/JavaScript/testing-epam/wdio-cucumber-e2e-specialization/src/tests/features/ui/language.feature
[1-0] RUNNING in firefox - file:///C:/Cursos/JavaScript/testing-epam/wdio-cucumber-e2e-specialization/src/tests/features/auth/signup.feature
[1-0] [17:37:17.796] [32mINFO[39m (38524): [36m==============================================[39m
[1-0] [17:37:17.802] [32mINFO[39m (38524): [36mSETTING UP TEST SUITE[39m
[1-0] [17:37:17.804] [32mINFO[39m (38524): [36m==============================================[39m
[1-0] [17:37:17.849] [32mINFO[39m (38524): [36m🎬 Starting scenario: "Successful Sign Up with valid data"[39m
[1-0] [17:37:18.238] [32mINFO[39m (38524): [36mNo login required for this scenario[39m
[1-0] [17:37:23.059] [32mINFO[39m (38524): [36mRegister button already clicked inside registerUser()[39m
[1-0] Error in "0: Then the system should create a new account"
Error: URL did not contain "/auth/login" within 10000ms
    at <anonymous> (C:\Cursos\JavaScript\testing-epam\wdio-cucumber-e2e-specialization\node_modules\webdriverio\build\node.js:5771:15)
    at async Browser.wrapCommandFn (C:\Cursos\JavaScript\testing-epam\wdio-cucumber-e2e-specialization\node_modules\@wdio\utils\build\index.js:982:23)
    at async Module.waitForUrlToContain (C:\Cursos\JavaScript\testing-epam\wdio-cucumber-e2e-specialization\src\core\browser\wait-helper.ts:5:12)
    at async LoginPage.verifyOnLoginPage (C:\Cursos\JavaScript\testing-epam\wdio-cucumber-e2e-specialization\src\business\pages\auth\login.page.ts:28:9)
    at async World.<anonymous> (C:\Cursos\JavaScript\testing-epam\wdio-cucumber-e2e-specialization\src\tests\step-definitions\auth\signup.steps.ts:25:5)
[1-0] [17:37:33.130] [32mINFO[39m (38524): [36m❌ Completed: "Successful Sign Up with valid data" - FAILED[39m
[1-0] [17:37:33.186] [31mERROR[39m (38524): [36m`❌ Scenario failed: ${result.error.message}`[39m
[1-0] [17:37:33.188] [32mINFO[39m (38524): [36m==============================================[39m
[1-0] [17:37:33.188] [32mINFO[39m (38524): [36mTEST SUITE COMPLETED[39m
[1-0] [17:37:33.188] [32mINFO[39m (38524): [36m==============================================[39m
[1-0] RETRYING in firefox - file:///C:/Cursos/JavaScript/testing-epam/wdio-cucumber-e2e-specialization/src/tests/features/auth/signup.feature
[1-0] RUNNING in firefox - file:///C:/Cursos/JavaScript/testing-epam/wdio-cucumber-e2e-specialization/src/tests/features/auth/signup.feature
[1-0] [17:37:41.257] [32mINFO[39m (9056): [36m==============================================[39m
[1-0] [17:37:41.267] [32mINFO[39m (9056): [36mSETTING UP TEST SUITE[39m
[1-0] [17:37:41.268] [32mINFO[39m (9056): [36m==============================================[39m
[1-0] [17:37:41.333] [32mINFO[39m (9056): [36m🎬 Starting scenario: "Successful Sign Up with valid data"[39m
[1-0] [17:37:41.699] [32mINFO[39m (9056): [36mNo login required for this scenario[39m
[1-0] [17:37:46.687] [32mINFO[39m (9056): [36mRegister button already clicked inside registerUser()[39m
[1-0] Error in "0: Then the system should create a new account"
Error: URL did not contain "/auth/login" within 10000ms
    at <anonymous> (C:\Cursos\JavaScript\testing-epam\wdio-cucumber-e2e-specialization\node_modules\webdriverio\build\node.js:5771:15)
    at async Browser.wrapCommandFn (C:\Cursos\JavaScript\testing-epam\wdio-cucumber-e2e-specialization\node_modules\@wdio\utils\build\index.js:982:23)
    at async Module.waitForUrlToContain (C:\Cursos\JavaScript\testing-epam\wdio-cucumber-e2e-specialization\src\core\browser\wait-helper.ts:5:12)
    at async LoginPage.verifyOnLoginPage (C:\Cursos\JavaScript\testing-epam\wdio-cucumber-e2e-specialization\src\business\pages\auth\login.page.ts:28:9)
    at async World.<anonymous> (C:\Cursos\JavaScript\testing-epam\wdio-cucumber-e2e-specialization\src\tests\step-definitions\auth\signup.steps.ts:25:5)
[1-0] [17:37:56.773] [32mINFO[39m (9056): [36m❌ Completed: "Successful Sign Up with valid data" - FAILED[39m
[1-0] [17:37:56.829] [31mERROR[39m (9056): [36m`❌ Scenario failed: ${result.error.message}`[39m
[1-0] [17:37:56.830] [32mINFO[39m (9056): [36m==============================================[39m
[1-0] [17:37:56.830] [32mINFO[39m (9056): [36mTEST SUITE COMPLETED[39m
[1-0] [17:37:56.831] [32mINFO[39m (9056): [36m==============================================[39m
[1-0] RETRYING in firefox - file:///C:/Cursos/JavaScript/testing-epam/wdio-cucumber-e2e-specialization/src/tests/features/auth/signup.feature (1 retries)
[1-0] RUNNING in firefox - file:///C:/Cursos/JavaScript/testing-epam/wdio-cucumber-e2e-specialization/src/tests/features/auth/signup.feature
[1-0] [17:38:04.694] [32mINFO[39m (33208): [36m==============================================[39m
[1-0] [17:38:04.701] [32mINFO[39m (33208): [36mSETTING UP TEST SUITE[39m
[1-0] [17:38:04.702] [32mINFO[39m (33208): [36m==============================================[39m
[1-0] [17:38:04.745] [32mINFO[39m (33208): [36m🎬 Starting scenario: "Successful Sign Up with valid data"[39m
[1-0] [17:38:05.062] [32mINFO[39m (33208): [36mNo login required for this scenario[39m
[1-0] [17:38:10.105] [32mINFO[39m (33208): [36mRegister button already clicked inside registerUser()[39m
[1-0] Error in "0: Then the system should create a new account"
Error: URL did not contain "/auth/login" within 10000ms
    at <anonymous> (C:\Cursos\JavaScript\testing-epam\wdio-cucumber-e2e-specialization\node_modules\webdriverio\build\node.js:5771:15)
    at async Browser.wrapCommandFn (C:\Cursos\JavaScript\testing-epam\wdio-cucumber-e2e-specialization\node_modules\@wdio\utils\build\index.js:982:23)
    at async Module.waitForUrlToContain (C:\Cursos\JavaScript\testing-epam\wdio-cucumber-e2e-specialization\src\core\browser\wait-helper.ts:5:12)
    at async LoginPage.verifyOnLoginPage (C:\Cursos\JavaScript\testing-epam\wdio-cucumber-e2e-specialization\src\business\pages\auth\login.page.ts:28:9)
    at async World.<anonymous> (C:\Cursos\JavaScript\testing-epam\wdio-cucumber-e2e-specialization\src\tests\step-definitions\auth\signup.steps.ts:25:5)
[1-0] [17:38:20.185] [32mINFO[39m (33208): [36m❌ Completed: "Successful Sign Up with valid data" - FAILED[39m
[1-0] [17:38:20.241] [31mERROR[39m (33208): [36m`❌ Scenario failed: ${result.error.message}`[39m
[1-0] [17:38:20.244] [32mINFO[39m (33208): [36m==============================================[39m
[1-0] [17:38:20.244] [32mINFO[39m (33208): [36mTEST SUITE COMPLETED[39m
[1-0] [17:38:20.244] [32mINFO[39m (33208): [36m==============================================[39m
[1-0] FAILED in firefox - file:///C:/Cursos/JavaScript/testing-epam/wdio-cucumber-e2e-specialization/src/tests/features/auth/signup.feature (2 retries)
[1-1] RUNNING in firefox - file:///C:/Cursos/JavaScript/testing-epam/wdio-cucumber-e2e-specialization/src/tests/features/auth/login.feature
[1-1] [17:38:28.543] [32mINFO[39m (18312): [36m==============================================[39m
[1-1] [17:38:28.549] [32mINFO[39m (18312): [36mSETTING UP TEST SUITE[39m
[1-1] [17:38:28.549] [32mINFO[39m (18312): [36m==============================================[39m
[1-1] [17:38:28.601] [32mINFO[39m (18312): [36m🎬 Starting scenario: "Successful login with valid credentials"[39m
[1-1] [17:38:29.005] [32mINFO[39m (18312): [36mNo login required for this scenario[39m
[1-1] [17:38:32.498] [32mINFO[39m (18312): [36mSuccessfully logged in and redirected to account page[39m
[1-1] [17:38:32.500] [32mINFO[39m (18312): [36mLogin button click handled inside login() method[39m
[1-1] [17:38:32.514] [32mINFO[39m (18312): [36m✅ Completed: "Successful login with valid credentials" - PASSED[39m
[1-1] [17:38:32.518] [32mINFO[39m (18312): [36m==============================================[39m
[1-1] [17:38:32.518] [32mINFO[39m (18312): [36mTEST SUITE COMPLETED[39m
[1-1] [17:38:32.519] [32mINFO[39m (18312): [36m==============================================[39m
[1-1] PASSED in firefox - file:///C:/Cursos/JavaScript/testing-epam/wdio-cucumber-e2e-specialization/src/tests/features/auth/login.feature
[1-2] RUNNING in firefox - file:///C:/Cursos/JavaScript/testing-epam/wdio-cucumber-e2e-specialization/src/tests/features/auth/profile.feature
[1-2] [17:38:40.683] [32mINFO[39m (32492): [36m==============================================[39m
[1-2] [17:38:40.689] [32mINFO[39m (32492): [36mSETTING UP TEST SUITE[39m
[1-2] [17:38:40.690] [32mINFO[39m (32492): [36m==============================================[39m
[1-2] [17:38:40.742] [32mINFO[39m (32492): [36m🎬 Starting scenario: "Update User Profile information"[39m
[1-2] [17:38:41.136] [32mINFO[39m (32492): [36m🔐 Scenario requires authenticated user[39m
[1-2] [17:38:56.246] [32mINFO[39m (32492): [36m❌ Completed: "Update User Profile information" - FAILED[39m
[1-2] [17:38:56.307] [31mERROR[39m (32492): [36m`❌ Scenario failed: ${result.error.message}`[39m
[1-2] [17:38:56.308] [32mINFO[39m (32492): [36m==============================================[39m
[1-2] [17:38:56.309] [32mINFO[39m (32492): [36mTEST SUITE COMPLETED[39m
[1-2] [17:38:56.309] [32mINFO[39m (32492): [36m==============================================[39m
[1-2] RETRYING in firefox - file:///C:/Cursos/JavaScript/testing-epam/wdio-cucumber-e2e-specialization/src/tests/features/auth/profile.feature
[1-2] RUNNING in firefox - file:///C:/Cursos/JavaScript/testing-epam/wdio-cucumber-e2e-specialization/src/tests/features/auth/profile.feature
[1-2] [17:39:04.723] [32mINFO[39m (13472): [36m==============================================[39m
[1-2] [17:39:04.729] [32mINFO[39m (13472): [36mSETTING UP TEST SUITE[39m
[1-2] [17:39:04.730] [32mINFO[39m (13472): [36m==============================================[39m
[1-2] [17:39:04.784] [32mINFO[39m (13472): [36m🎬 Starting scenario: "Update User Profile information"[39m
[1-2] [17:39:05.095] [32mINFO[39m (13472): [36m🔐 Scenario requires authenticated user[39m
[1-2] [17:39:19.843] [32mINFO[39m (13472): [36m❌ Completed: "Update User Profile information" - FAILED[39m
[1-2] [17:39:19.895] [31mERROR[39m (13472): [36m`❌ Scenario failed: ${result.error.message}`[39m
[1-2] [17:39:19.897] [32mINFO[39m (13472): [36m==============================================[39m
[1-2] [17:39:19.897] [32mINFO[39m (13472): [36mTEST SUITE COMPLETED[39m
[1-2] [17:39:19.897] [32mINFO[39m (13472): [36m==============================================[39m
[1-2] RETRYING in firefox - file:///C:/Cursos/JavaScript/testing-epam/wdio-cucumber-e2e-specialization/src/tests/features/auth/profile.feature (1 retries)
[1-2] RUNNING in firefox - file:///C:/Cursos/JavaScript/testing-epam/wdio-cucumber-e2e-specialization/src/tests/features/auth/profile.feature
[1-2] [17:39:27.790] [32mINFO[39m (10344): [36m==============================================[39m
[1-2] [17:39:27.798] [32mINFO[39m (10344): [36mSETTING UP TEST SUITE[39m
[1-2] [17:39:27.798] [32mINFO[39m (10344): [36m==============================================[39m
[1-2] [17:39:27.846] [32mINFO[39m (10344): [36m🎬 Starting scenario: "Update User Profile information"[39m
[1-2] [17:39:28.190] [32mINFO[39m (10344): [36m🔐 Scenario requires authenticated user[39m
[1-2] [17:39:43.146] [32mINFO[39m (10344): [36m❌ Completed: "Update User Profile information" - FAILED[39m
[1-2] [17:39:43.198] [31mERROR[39m (10344): [36m`❌ Scenario failed: ${result.error.message}`[39m
[1-2] [17:39:43.200] [32mINFO[39m (10344): [36m==============================================[39m
[1-2] [17:39:43.200] [32mINFO[39m (10344): [36mTEST SUITE COMPLETED[39m
[1-2] [17:39:43.201] [32mINFO[39m (10344): [36m==============================================[39m
[1-2] FAILED in firefox - file:///C:/Cursos/JavaScript/testing-epam/wdio-cucumber-e2e-specialization/src/tests/features/auth/profile.feature (2 retries)
[1-3] RUNNING in firefox - file:///C:/Cursos/JavaScript/testing-epam/wdio-cucumber-e2e-specialization/src/tests/features/products/product-details.feature
[1-3] [17:39:51.484] [32mINFO[39m (10976): [36m==============================================[39m
[1-3] [17:39:51.490] [32mINFO[39m (10976): [36mSETTING UP TEST SUITE[39m
[1-3] [17:39:51.491] [32mINFO[39m (10976): [36m==============================================[39m
[1-3] [17:39:51.541] [32mINFO[39m (10976): [36m🎬 Starting scenario: "View Product Details"[39m
[1-3] [17:39:51.894] [32mINFO[39m (10976): [36mNo login required for this scenario[39m
[1-3] [17:39:55.934] [32mINFO[39m (10976): [36m✅ Completed: "View Product Details" - PASSED[39m
[1-3] [17:39:55.935] [32mINFO[39m (10976): [36m==============================================[39m
[1-3] [17:39:55.935] [32mINFO[39m (10976): [36mTEST SUITE COMPLETED[39m
[1-3] [17:39:55.936] [32mINFO[39m (10976): [36m==============================================[39m
[1-3] PASSED in firefox - file:///C:/Cursos/JavaScript/testing-epam/wdio-cucumber-e2e-specialization/src/tests/features/products/product-details.feature
[1-4] RUNNING in firefox - file:///C:/Cursos/JavaScript/testing-epam/wdio-cucumber-e2e-specialization/src/tests/features/cart/cart-operations.feature
[1-4] [17:40:04.004] [32mINFO[39m (20764): [36m==============================================[39m
[1-4] [17:40:04.009] [32mINFO[39m (20764): [36mSETTING UP TEST SUITE[39m
[1-4] [17:40:04.010] [32mINFO[39m (20764): [36m==============================================[39m
[1-4] [17:40:04.096] [32mINFO[39m (20764): [36m🎬 Starting scenario: "Add products to the cart"[39m
[1-4] [17:40:04.493] [32mINFO[39m (20764): [36mNo login required for this scenario[39m
[1-4] [17:40:09.519] [32mINFO[39m (20764): [36mProduct added successfully[39m
[1-4] Error in "0: And a successful message should appear"
Error: element ("//*[contains(text(),"shopping cart")]") still not displayed after 5000ms
    at <anonymous> (C:\Cursos\JavaScript\testing-epam\wdio-cucumber-e2e-specialization\node_modules\webdriverio\build\node.js:5771:15)
    at async Element.wrapCommandFn (C:\Cursos\JavaScript\testing-epam\wdio-cucumber-e2e-specialization\node_modules\@wdio\utils\build\index.js:982:23)
    at async Element.elementErrorHandlerCallbackFn (C:\Cursos\JavaScript\testing-epam\wdio-cucumber-e2e-specialization\node_modules\webdriverio\build\node.js:8515:24)
    at async Element.wrapCommandFn (C:\Cursos\JavaScript\testing-epam\wdio-cucumber-e2e-specialization\node_modules\@wdio\utils\build\index.js:982:23)
    at async Element.wrapCommandFn (C:\Cursos\JavaScript\testing-epam\wdio-cucumber-e2e-specialization\node_modules\@wdio\utils\build\index.js:982:23)
    at async Element.elementErrorHandlerCallbackFn (C:\Cursos\JavaScript\testing-epam\wdio-cucumber-e2e-specialization\node_modules\webdriverio\build\node.js:8515:24)
    at async Element.wrapCommandFn (C:\Cursos\JavaScript\testing-epam\wdio-cucumber-e2e-specialization\node_modules\@wdio\utils\build\index.js:982:23)
    at async waitForElementVisible (C:\Cursos\JavaScript\testing-epam\wdio-cucumber-e2e-specialization\src\core\browser\wait-helper.ts:18:5)
    at async World.<anonymous> (C:\Cursos\JavaScript\testing-epam\wdio-cucumber-e2e-specialization\src\tests\step-definitions\products\add2cart.steps.ts:25:5)
[1-4] [17:40:14.928] [32mINFO[39m (20764): [36m❌ Completed: "Add products to the cart" - FAILED[39m
[1-4] [17:40:15.014] [31mERROR[39m (20764): [36m`❌ Scenario failed: ${result.error.message}`[39m
[1-4] [17:40:15.015] [32mINFO[39m (20764): [36m==============================================[39m
[1-4] [17:40:15.015] [32mINFO[39m (20764): [36mTEST SUITE COMPLETED[39m
[1-4] [17:40:15.015] [32mINFO[39m (20764): [36m==============================================[39m
[1-4] RETRYING in firefox - file:///C:/Cursos/JavaScript/testing-epam/wdio-cucumber-e2e-specialization/src/tests/features/cart/cart-operations.feature
[1-4] RUNNING in firefox - file:///C:/Cursos/JavaScript/testing-epam/wdio-cucumber-e2e-specialization/src/tests/features/cart/cart-operations.feature
[1-4] [17:40:22.437] [32mINFO[39m (36480): [36m==============================================[39m
[1-4] [17:40:22.442] [32mINFO[39m (36480): [36mSETTING UP TEST SUITE[39m
[1-4] [17:40:22.443] [32mINFO[39m (36480): [36m==============================================[39m
[1-4] [17:40:22.498] [32mINFO[39m (36480): [36m🎬 Starting scenario: "Add products to the cart"[39m
[1-4] [17:40:22.775] [32mINFO[39m (36480): [36mNo login required for this scenario[39m
[1-4] [17:40:36.210] [32mINFO[39m (36480): [36mProduct added successfully[39m
[1-4] Error in "0: And a successful message should appear"
Error: element ("//*[contains(text(),"shopping cart")]") still not displayed after 5000ms
    at <anonymous> (C:\Cursos\JavaScript\testing-epam\wdio-cucumber-e2e-specialization\node_modules\webdriverio\build\node.js:5771:15)
    at async Element.wrapCommandFn (C:\Cursos\JavaScript\testing-epam\wdio-cucumber-e2e-specialization\node_modules\@wdio\utils\build\index.js:982:23)
    at async Element.elementErrorHandlerCallbackFn (C:\Cursos\JavaScript\testing-epam\wdio-cucumber-e2e-specialization\node_modules\webdriverio\build\node.js:8515:24)
    at async Element.wrapCommandFn (C:\Cursos\JavaScript\testing-epam\wdio-cucumber-e2e-specialization\node_modules\@wdio\utils\build\index.js:982:23)
    at async Element.wrapCommandFn (C:\Cursos\JavaScript\testing-epam\wdio-cucumber-e2e-specialization\node_modules\@wdio\utils\build\index.js:982:23)
    at async Element.elementErrorHandlerCallbackFn (C:\Cursos\JavaScript\testing-epam\wdio-cucumber-e2e-specialization\node_modules\webdriverio\build\node.js:8515:24)
    at async Element.wrapCommandFn (C:\Cursos\JavaScript\testing-epam\wdio-cucumber-e2e-specialization\node_modules\@wdio\utils\build\index.js:982:23)
    at async waitForElementVisible (C:\Cursos\JavaScript\testing-epam\wdio-cucumber-e2e-specialization\src\core\browser\wait-helper.ts:18:5)
    at async World.<anonymous> (C:\Cursos\JavaScript\testing-epam\wdio-cucumber-e2e-specialization\src\tests\step-definitions\products\add2cart.steps.ts:25:5)
[1-4] [17:40:41.355] [32mINFO[39m (36480): [36m❌ Completed: "Add products to the cart" - FAILED[39m
[1-4] [17:40:41.476] [31mERROR[39m (36480): [36m`❌ Scenario failed: ${result.error.message}`[39m
[1-4] [17:40:41.477] [32mINFO[39m (36480): [36m==============================================[39m
[1-4] [17:40:41.477] [32mINFO[39m (36480): [36mTEST SUITE COMPLETED[39m
[1-4] [17:40:41.478] [32mINFO[39m (36480): [36m==============================================[39m
[1-4] RETRYING in firefox - file:///C:/Cursos/JavaScript/testing-epam/wdio-cucumber-e2e-specialization/src/tests/features/cart/cart-operations.feature (1 retries)
[1-4] RUNNING in firefox - file:///C:/Cursos/JavaScript/testing-epam/wdio-cucumber-e2e-specialization/src/tests/features/cart/cart-operations.feature
[1-4] [17:40:51.222] [32mINFO[39m (37000): [36m==============================================[39m
[1-4] [17:40:51.229] [32mINFO[39m (37000): [36mSETTING UP TEST SUITE[39m
[1-4] [17:40:51.230] [32mINFO[39m (37000): [36m==============================================[39m
[1-4] [17:40:51.279] [32mINFO[39m (37000): [36m🎬 Starting scenario: "Add products to the cart"[39m
[1-4] [17:40:51.645] [32mINFO[39m (37000): [36mNo login required for this scenario[39m
[1-4] [17:40:57.170] [32mINFO[39m (37000): [36mProduct added successfully[39m
[1-4] Error in "0: And a successful message should appear"
Error: element ("//*[contains(text(),"shopping cart")]") still not displayed after 5000ms
    at <anonymous> (C:\Cursos\JavaScript\testing-epam\wdio-cucumber-e2e-specialization\node_modules\webdriverio\build\node.js:5771:15)
    at async Element.wrapCommandFn (C:\Cursos\JavaScript\testing-epam\wdio-cucumber-e2e-specialization\node_modules\@wdio\utils\build\index.js:982:23)
    at async Element.elementErrorHandlerCallbackFn (C:\Cursos\JavaScript\testing-epam\wdio-cucumber-e2e-specialization\node_modules\webdriverio\build\node.js:8515:24)
    at async Element.wrapCommandFn (C:\Cursos\JavaScript\testing-epam\wdio-cucumber-e2e-specialization\node_modules\@wdio\utils\build\index.js:982:23)
    at async Element.wrapCommandFn (C:\Cursos\JavaScript\testing-epam\wdio-cucumber-e2e-specialization\node_modules\@wdio\utils\build\index.js:982:23)
    at async Element.elementErrorHandlerCallbackFn (C:\Cursos\JavaScript\testing-epam\wdio-cucumber-e2e-specialization\node_modules\webdriverio\build\node.js:8515:24)
    at async Element.wrapCommandFn (C:\Cursos\JavaScript\testing-epam\wdio-cucumber-e2e-specialization\node_modules\@wdio\utils\build\index.js:982:23)
    at async waitForElementVisible (C:\Cursos\JavaScript\testing-epam\wdio-cucumber-e2e-specialization\src\core\browser\wait-helper.ts:18:5)
    at async World.<anonymous> (C:\Cursos\JavaScript\testing-epam\wdio-cucumber-e2e-specialization\src\tests\step-definitions\products\add2cart.steps.ts:25:5)
[1-4] [17:41:02.514] [32mINFO[39m (37000): [36m❌ Completed: "Add products to the cart" - FAILED[39m
[1-4] [17:41:02.615] [31mERROR[39m (37000): [36m`❌ Scenario failed: ${result.error.message}`[39m
[1-4] [17:41:02.617] [32mINFO[39m (37000): [36m==============================================[39m
[1-4] [17:41:02.617] [32mINFO[39m (37000): [36mTEST SUITE COMPLETED[39m
[1-4] [17:41:02.617] [32mINFO[39m (37000): [36m==============================================[39m
[1-4] FAILED in firefox - file:///C:/Cursos/JavaScript/testing-epam/wdio-cucumber-e2e-specialization/src/tests/features/cart/cart-operations.feature (2 retries)
[1-5] RUNNING in firefox - file:///C:/Cursos/JavaScript/testing-epam/wdio-cucumber-e2e-specialization/src/tests/features/favorites/favorites.feature
[1-5] [17:41:11.007] [32mINFO[39m (5560): [36m==============================================[39m
[1-5] [17:41:11.012] [32mINFO[39m (5560): [36mSETTING UP TEST SUITE[39m
[1-5] [17:41:11.013] [32mINFO[39m (5560): [36m==============================================[39m
[1-5] [17:41:11.076] [32mINFO[39m (5560): [36m🎬 Starting scenario: "Add a product to Favorites"[39m
[1-5] [17:41:11.456] [32mINFO[39m (5560): [36m🔐 Scenario requires authenticated user[39m
[1-5] [17:41:26.777] [32mINFO[39m (5560): [36m❌ Completed: "Add a product to Favorites" - FAILED[39m
[1-5] [17:41:26.834] [31mERROR[39m (5560): [36m`❌ Scenario failed: ${result.error.message}`[39m
[1-5] [17:41:26.836] [32mINFO[39m (5560): [36m==============================================[39m
[1-5] [17:41:26.836] [32mINFO[39m (5560): [36mTEST SUITE COMPLETED[39m
[1-5] [17:41:26.836] [32mINFO[39m (5560): [36m==============================================[39m
[1-5] RETRYING in firefox - file:///C:/Cursos/JavaScript/testing-epam/wdio-cucumber-e2e-specialization/src/tests/features/favorites/favorites.feature
[1-5] RUNNING in firefox - file:///C:/Cursos/JavaScript/testing-epam/wdio-cucumber-e2e-specialization/src/tests/features/favorites/favorites.feature
[1-5] [17:41:35.766] [32mINFO[39m (27592): [36m==============================================[39m
[1-5] [17:41:35.772] [32mINFO[39m (27592): [36mSETTING UP TEST SUITE[39m
[1-5] [17:41:35.773] [32mINFO[39m (27592): [36m==============================================[39m
[1-5] [17:41:35.814] [32mINFO[39m (27592): [36m🎬 Starting scenario: "Add a product to Favorites"[39m
[1-5] [17:41:36.135] [32mINFO[39m (27592): [36m🔐 Scenario requires authenticated user[39m
[1-5] [17:41:51.358] [32mINFO[39m (27592): [36m❌ Completed: "Add a product to Favorites" - FAILED[39m
[1-5] [17:41:51.418] [31mERROR[39m (27592): [36m`❌ Scenario failed: ${result.error.message}`[39m
[1-5] [17:41:51.420] [32mINFO[39m (27592): [36m==============================================[39m
[1-5] [17:41:51.420] [32mINFO[39m (27592): [36mTEST SUITE COMPLETED[39m
[1-5] [17:41:51.420] [32mINFO[39m (27592): [36m==============================================[39m
[1-5] RETRYING in firefox - file:///C:/Cursos/JavaScript/testing-epam/wdio-cucumber-e2e-specialization/src/tests/features/favorites/favorites.feature (1 retries)
[1-5] RUNNING in firefox - file:///C:/Cursos/JavaScript/testing-epam/wdio-cucumber-e2e-specialization/src/tests/features/favorites/favorites.feature
[1-5] [17:42:00.134] [32mINFO[39m (16088): [36m==============================================[39m
[1-5] [17:42:00.142] [32mINFO[39m (16088): [36mSETTING UP TEST SUITE[39m
[1-5] [17:42:00.145] [32mINFO[39m (16088): [36m==============================================[39m
[1-5] [17:42:00.196] [32mINFO[39m (16088): [36m🎬 Starting scenario: "Add a product to Favorites"[39m
[1-5] [17:42:00.481] [32mINFO[39m (16088): [36m🔐 Scenario requires authenticated user[39m
[1-5] [17:42:15.477] [32mINFO[39m (16088): [36m❌ Completed: "Add a product to Favorites" - FAILED[39m
[1-5] [17:42:15.540] [31mERROR[39m (16088): [36m`❌ Scenario failed: ${result.error.message}`[39m
[1-5] [17:42:15.542] [32mINFO[39m (16088): [36m==============================================[39m
[1-5] [17:42:15.542] [32mINFO[39m (16088): [36mTEST SUITE COMPLETED[39m
[1-5] [17:42:15.542] [32mINFO[39m (16088): [36m==============================================[39m
[1-5] FAILED in firefox - file:///C:/Cursos/JavaScript/testing-epam/wdio-cucumber-e2e-specialization/src/tests/features/favorites/favorites.feature (2 retries)
[1-6] RUNNING in firefox - file:///C:/Cursos/JavaScript/testing-epam/wdio-cucumber-e2e-specialization/src/tests/features/products/search.feature
[1-6] [17:42:24.016] [32mINFO[39m (21252): [36m==============================================[39m
[1-6] [17:42:24.023] [32mINFO[39m (21252): [36mSETTING UP TEST SUITE[39m
[1-6] [17:42:24.023] [32mINFO[39m (21252): [36m==============================================[39m
[1-6] [17:42:24.063] [32mINFO[39m (21252): [36m🎬 Starting scenario: "Search for an exact product by name"[39m
[1-6] [17:42:24.375] [32mINFO[39m (21252): [36mNo login required for this scenario[39m
[1-6] [17:42:27.110] [32mINFO[39m (21252): [36mSearching product: pliers[39m
[1-6] [17:42:29.628] [32mINFO[39m (21252): [36mFound 27 products after search[39m
[1-6] [17:42:29.633] [32mINFO[39m (21252): [36msearchProduct already clicks the button[39m
[1-6] [17:42:30.548] [32mINFO[39m (21252): [36m✅ Completed: "Search for an exact product by name" - PASSED[39m
[1-6] [17:42:30.550] [32mINFO[39m (21252): [36m==============================================[39m
[1-6] [17:42:30.550] [32mINFO[39m (21252): [36mTEST SUITE COMPLETED[39m
[1-6] [17:42:30.550] [32mINFO[39m (21252): [36m==============================================[39m
[1-6] PASSED in firefox - file:///C:/Cursos/JavaScript/testing-epam/wdio-cucumber-e2e-specialization/src/tests/features/products/search.feature
[1-7] RUNNING in firefox - file:///C:/Cursos/JavaScript/testing-epam/wdio-cucumber-e2e-specialization/src/tests/features/ui/language.feature
[1-7] [17:42:39.778] [32mINFO[39m (38588): [36m==============================================[39m
[1-7] [17:42:39.784] [32mINFO[39m (38588): [36mSETTING UP TEST SUITE[39m
[1-7] [17:42:39.785] [32mINFO[39m (38588): [36m==============================================[39m
[1-7] [17:42:39.827] [32mINFO[39m (38588): [36m🎬 Starting scenario: "Change language on Home page"[39m
[1-7] [17:42:40.113] [32mINFO[39m (38588): [36mNo login required for this scenario[39m
[1-7] [17:42:43.128] [32mINFO[39m (38588): [36m✅ All product names remained in their original language[39m
[1-7] [17:42:43.129] [32mINFO[39m (38588): [36m✅ Completed: "Change language on Home page" - PASSED[39m
[1-7] [17:42:43.132] [32mINFO[39m (38588): [36m==============================================[39m
[1-7] [17:42:43.132] [32mINFO[39m (38588): [36mTEST SUITE COMPLETED[39m
[1-7] [17:42:43.132] [32mINFO[39m (38588): [36m==============================================[39m
[1-7] PASSED in firefox - file:///C:/Cursos/JavaScript/testing-epam/wdio-cucumber-e2e-specialization/src/tests/features/ui/language.feature

 "spec" Reporter:
------------------------------------------------------------------
[chrome 147.0.7727.119 windows #0-0] Running: chrome (v147.0.7727.119) on windows
[chrome 147.0.7727.119 windows #0-0] Session ID: 7d46e60982e696a609710e2368bfbf9a
[chrome 147.0.7727.119 windows #0-0]
[chrome 147.0.7727.119 windows #0-0] » src\tests\features\auth\signup.feature
[chrome 147.0.7727.119 windows #0-0] User Signup
[chrome 147.0.7727.119 windows #0-0] Successful Sign Up with valid data
[chrome 147.0.7727.119 windows #0-0]    ✓ Given the user is on the Sign Up page
[chrome 147.0.7727.119 windows #0-0]    ✓ When the user enters a valid info in all required inputs
[chrome 147.0.7727.119 windows #0-0]    ✓ And clicks the Register button
[chrome 147.0.7727.119 windows #0-0]    ✖ Then the system should create a new account
[chrome 147.0.7727.119 windows #0-0]    - And redirect to the Login page
[chrome 147.0.7727.119 windows #0-0]
[chrome 147.0.7727.119 windows #0-0] 3 passing (16.4s)
[chrome 147.0.7727.119 windows #0-0] 1 failing
[chrome 147.0.7727.119 windows #0-0] 1 skipped
[chrome 147.0.7727.119 windows #0-0]
[chrome 147.0.7727.119 windows #0-0] 1) Successful Sign Up with valid data Then the system should create a new account
[chrome 147.0.7727.119 windows #0-0] Error: URL did not contain "/auth/login" within 10000ms
[chrome 147.0.7727.119 windows #0-0] Error: URL did not contain "/auth/login" within 10000ms
[chrome 147.0.7727.119 windows #0-0]     at <anonymous> (C:\Cursos\JavaScript\testing-epam\wdio-cucumber-e2e-specialization\node_modules\webdriverio\build\node.js:5771:15)
[chrome 147.0.7727.119 windows #0-0]     at async Browser.wrapCommandFn (C:\Cursos\JavaScript\testing-epam\wdio-cucumber-e2e-specialization\node_modules\@wdio\utils\build\index.js:982:23)
[chrome 147.0.7727.119 windows #0-0]     at async Module.waitForUrlToContain (C:\Cursos\JavaScript\testing-epam\wdio-cucumber-e2e-specialization\src\core\browser\wait-helper.ts:5:12)
[chrome 147.0.7727.119 windows #0-0]     at async LoginPage.verifyOnLoginPage (C:\Cursos\JavaScript\testing-epam\wdio-cucumber-e2e-specialization\src\business\pages\auth\login.page.ts:28:9)
[chrome 147.0.7727.119 windows #0-0]     at async World.<anonymous> (C:\Cursos\JavaScript\testing-epam\wdio-cucumber-e2e-specialization\src\tests\step-definitions\auth\signup.steps.ts:25:5)
------------------------------------------------------------------
[chrome 147.0.7727.119 windows #0-0] Running: chrome (v147.0.7727.119) on windows
[chrome 147.0.7727.119 windows #0-0] Session ID: c1b860e10218848a17c4f187df3afdf7
[chrome 147.0.7727.119 windows #0-0]
[chrome 147.0.7727.119 windows #0-0] » src\tests\features\auth\signup.feature
[chrome 147.0.7727.119 windows #0-0] User Signup
[chrome 147.0.7727.119 windows #0-0] Successful Sign Up with valid data
[chrome 147.0.7727.119 windows #0-0]    ✓ Given the user is on the Sign Up page
[chrome 147.0.7727.119 windows #0-0]    ✓ When the user enters a valid info in all required inputs
[chrome 147.0.7727.119 windows #0-0]    ✓ And clicks the Register button
[chrome 147.0.7727.119 windows #0-0]    ✖ Then the system should create a new account
[chrome 147.0.7727.119 windows #0-0]    - And redirect to the Login page
[chrome 147.0.7727.119 windows #0-0]
[chrome 147.0.7727.119 windows #0-0] 3 passing (15.9s)
[chrome 147.0.7727.119 windows #0-0] 1 failing
[chrome 147.0.7727.119 windows #0-0] 1 skipped
[chrome 147.0.7727.119 windows #0-0]
[chrome 147.0.7727.119 windows #0-0] 1) Successful Sign Up with valid data Then the system should create a new account
[chrome 147.0.7727.119 windows #0-0] Error: URL did not contain "/auth/login" within 10000ms
[chrome 147.0.7727.119 windows #0-0] Error: URL did not contain "/auth/login" within 10000ms
[chrome 147.0.7727.119 windows #0-0]     at <anonymous> (C:\Cursos\JavaScript\testing-epam\wdio-cucumber-e2e-specialization\node_modules\webdriverio\build\node.js:5771:15)
[chrome 147.0.7727.119 windows #0-0]     at async Browser.wrapCommandFn (C:\Cursos\JavaScript\testing-epam\wdio-cucumber-e2e-specialization\node_modules\@wdio\utils\build\index.js:982:23)
[chrome 147.0.7727.119 windows #0-0]     at async Module.waitForUrlToContain (C:\Cursos\JavaScript\testing-epam\wdio-cucumber-e2e-specialization\src\core\browser\wait-helper.ts:5:12)
[chrome 147.0.7727.119 windows #0-0]     at async LoginPage.verifyOnLoginPage (C:\Cursos\JavaScript\testing-epam\wdio-cucumber-e2e-specialization\src\business\pages\auth\login.page.ts:28:9)
[chrome 147.0.7727.119 windows #0-0]     at async World.<anonymous> (C:\Cursos\JavaScript\testing-epam\wdio-cucumber-e2e-specialization\src\tests\step-definitions\auth\signup.steps.ts:25:5)
------------------------------------------------------------------
[chrome 147.0.7727.119 windows #0-0] Running: chrome (v147.0.7727.119) on windows
[chrome 147.0.7727.119 windows #0-0] Session ID: e473b530f9f8706e1f15ebea8bfd1377
[chrome 147.0.7727.119 windows #0-0]
[chrome 147.0.7727.119 windows #0-0] » src\tests\features\auth\signup.feature
[chrome 147.0.7727.119 windows #0-0] User Signup
[chrome 147.0.7727.119 windows #0-0] Successful Sign Up with valid data
[chrome 147.0.7727.119 windows #0-0]    ✓ Given the user is on the Sign Up page
[chrome 147.0.7727.119 windows #0-0]    ✓ When the user enters a valid info in all required inputs
[chrome 147.0.7727.119 windows #0-0]    ✓ And clicks the Register button
[chrome 147.0.7727.119 windows #0-0]    ✖ Then the system should create a new account
[chrome 147.0.7727.119 windows #0-0]    - And redirect to the Login page
[chrome 147.0.7727.119 windows #0-0]
[chrome 147.0.7727.119 windows #0-0] 3 passing (16.3s)
[chrome 147.0.7727.119 windows #0-0] 1 failing
[chrome 147.0.7727.119 windows #0-0] 1 skipped
[chrome 147.0.7727.119 windows #0-0]
[chrome 147.0.7727.119 windows #0-0] 1) Successful Sign Up with valid data Then the system should create a new account
[chrome 147.0.7727.119 windows #0-0] Error: URL did not contain "/auth/login" within 10000ms
[chrome 147.0.7727.119 windows #0-0] Error: URL did not contain "/auth/login" within 10000ms
[chrome 147.0.7727.119 windows #0-0]     at <anonymous> (C:\Cursos\JavaScript\testing-epam\wdio-cucumber-e2e-specialization\node_modules\webdriverio\build\node.js:5771:15)
[chrome 147.0.7727.119 windows #0-0]     at async Browser.wrapCommandFn (C:\Cursos\JavaScript\testing-epam\wdio-cucumber-e2e-specialization\node_modules\@wdio\utils\build\index.js:982:23)
[chrome 147.0.7727.119 windows #0-0]     at async Module.waitForUrlToContain (C:\Cursos\JavaScript\testing-epam\wdio-cucumber-e2e-specialization\src\core\browser\wait-helper.ts:5:12)
[chrome 147.0.7727.119 windows #0-0]     at async LoginPage.verifyOnLoginPage (C:\Cursos\JavaScript\testing-epam\wdio-cucumber-e2e-specialization\src\business\pages\auth\login.page.ts:28:9)
[chrome 147.0.7727.119 windows #0-0]     at async World.<anonymous> (C:\Cursos\JavaScript\testing-epam\wdio-cucumber-e2e-specialization\src\tests\step-definitions\auth\signup.steps.ts:25:5)
------------------------------------------------------------------
[chrome 147.0.7727.119 windows #0-1] Running: chrome (v147.0.7727.119) on windows
[chrome 147.0.7727.119 windows #0-1] Session ID: 620bcac68a7047a714eafaa390b56141
[chrome 147.0.7727.119 windows #0-1]
[chrome 147.0.7727.119 windows #0-1] » src\tests\features\auth\login.feature
[chrome 147.0.7727.119 windows #0-1] User Login
[chrome 147.0.7727.119 windows #0-1] Successful login with valid credentials
[chrome 147.0.7727.119 windows #0-1]    ✓ Given the user has a registered account
[chrome 147.0.7727.119 windows #0-1]    ✓ And is on the Login page
[chrome 147.0.7727.119 windows #0-1]    ✓ When the user enters a valid email and password
[chrome 147.0.7727.119 windows #0-1]    ✓ And clicks the Login button
[chrome 147.0.7727.119 windows #0-1]    ✓ Then the user should be redirected to My Account page
[chrome 147.0.7727.119 windows #0-1]
[chrome 147.0.7727.119 windows #0-1] 5 passing (4.1s)
------------------------------------------------------------------
[chrome 147.0.7727.119 windows #0-2] Running: chrome (v147.0.7727.119) on windows
[chrome 147.0.7727.119 windows #0-2] Session ID: 9b96d60521ca617ae42af45c606d871f
[chrome 147.0.7727.119 windows #0-2]
[chrome 147.0.7727.119 windows #0-2] » src\tests\features\auth\profile.feature
[chrome 147.0.7727.119 windows #0-2] User Profile Management
[chrome 147.0.7727.119 windows #0-2] Update User Profile information
[chrome 147.0.7727.119 windows #0-2]    ✖ 
[chrome 147.0.7727.119 windows #0-2]    - Given the user is logged into their account
[chrome 147.0.7727.119 windows #0-2]    - And is on the Profile page
[chrome 147.0.7727.119 windows #0-2]    - When the user updates their password
[chrome 147.0.7727.119 windows #0-2]    - And clicks the Change Password button
[chrome 147.0.7727.119 windows #0-2]    - Then the new password should be saved successfully
[chrome 147.0.7727.119 windows #0-2]    - And a success message should appear
[chrome 147.0.7727.119 windows #0-2]
[chrome 147.0.7727.119 windows #0-2] 1 failing (15.9s)
[chrome 147.0.7727.119 windows #0-2] 6 skipped
[chrome 147.0.7727.119 windows #0-2]
[chrome 147.0.7727.119 windows #0-2] 1) Update User Profile information 
[chrome 147.0.7727.119 windows #0-2] Error: Expected redirect to login page after registration
[chrome 147.0.7727.119 windows #0-2] Error: Expected redirect to login page after registration
[chrome 147.0.7727.119 windows #0-2]     at <anonymous> (C:\Cursos\JavaScript\testing-epam\wdio-cucumber-e2e-specialization\node_modules\webdriverio\build\node.js:5771:15)
[chrome 147.0.7727.119 windows #0-2]     at process.processTimers (node:internal/timers:516:9)
[chrome 147.0.7727.119 windows #0-2]     at async Browser.wrapCommandFn (C:\Cursos\JavaScript\testing-epam\wdio-cucumber-e2e-specialization\node_modules\@wdio\utils\build\index.js:982:23)
[chrome 147.0.7727.119 windows #0-2]     at async World.<anonymous> (C:\Cursos\JavaScript\testing-epam\wdio-cucumber-e2e-specialization\src\tests\step-definitions\hooks.ts:44:13)
[chrome 147.0.7727.119 windows #0-2]     at async World.executeAsync (C:\Cursos\JavaScript\testing-epam\wdio-cucumber-e2e-specialization\node_modules\@wdio\utils\build\index.js:1105:20)
[chrome 147.0.7727.119 windows #0-2]     at async World.testFrameworkFnWrapper (C:\Cursos\JavaScript\testing-epam\wdio-cucumber-e2e-specialization\node_modules\@wdio\utils\build\index.js:1177:14)
------------------------------------------------------------------
[chrome 147.0.7727.119 windows #0-2] Running: chrome (v147.0.7727.119) on windows
[chrome 147.0.7727.119 windows #0-2] Session ID: aae960979aa8475ded70327fd64cf305
[chrome 147.0.7727.119 windows #0-2]
[chrome 147.0.7727.119 windows #0-2] » src\tests\features\auth\profile.feature
[chrome 147.0.7727.119 windows #0-2] User Profile Management
[chrome 147.0.7727.119 windows #0-2] Update User Profile information
[chrome 147.0.7727.119 windows #0-2]    ✖ 
[chrome 147.0.7727.119 windows #0-2]    - Given the user is logged into their account
[chrome 147.0.7727.119 windows #0-2]    - And is on the Profile page
[chrome 147.0.7727.119 windows #0-2]    - When the user updates their password
[chrome 147.0.7727.119 windows #0-2]    - And clicks the Change Password button
[chrome 147.0.7727.119 windows #0-2]    - Then the new password should be saved successfully
[chrome 147.0.7727.119 windows #0-2]    - And a success message should appear
[chrome 147.0.7727.119 windows #0-2]
[chrome 147.0.7727.119 windows #0-2] 1 failing (16.1s)
[chrome 147.0.7727.119 windows #0-2] 6 skipped
[chrome 147.0.7727.119 windows #0-2]
[chrome 147.0.7727.119 windows #0-2] 1) Update User Profile information 
[chrome 147.0.7727.119 windows #0-2] Error: Expected redirect to login page after registration
[chrome 147.0.7727.119 windows #0-2] Error: Expected redirect to login page after registration
[chrome 147.0.7727.119 windows #0-2]     at <anonymous> (C:\Cursos\JavaScript\testing-epam\wdio-cucumber-e2e-specialization\node_modules\webdriverio\build\node.js:5771:15)
[chrome 147.0.7727.119 windows #0-2]     at async Browser.wrapCommandFn (C:\Cursos\JavaScript\testing-epam\wdio-cucumber-e2e-specialization\node_modules\@wdio\utils\build\index.js:982:23)
[chrome 147.0.7727.119 windows #0-2]     at async World.<anonymous> (C:\Cursos\JavaScript\testing-epam\wdio-cucumber-e2e-specialization\src\tests\step-definitions\hooks.ts:44:13)
[chrome 147.0.7727.119 windows #0-2]     at async World.executeAsync (C:\Cursos\JavaScript\testing-epam\wdio-cucumber-e2e-specialization\node_modules\@wdio\utils\build\index.js:1105:20)
[chrome 147.0.7727.119 windows #0-2]     at async World.testFrameworkFnWrapper (C:\Cursos\JavaScript\testing-epam\wdio-cucumber-e2e-specialization\node_modules\@wdio\utils\build\index.js:1177:14)
------------------------------------------------------------------
[chrome 147.0.7727.119 windows #0-2] Running: chrome (v147.0.7727.119) on windows
[chrome 147.0.7727.119 windows #0-2] Session ID: 76683f4a08a913692c1b4a879272fdac
[chrome 147.0.7727.119 windows #0-2]
[chrome 147.0.7727.119 windows #0-2] » src\tests\features\auth\profile.feature
[chrome 147.0.7727.119 windows #0-2] User Profile Management
[chrome 147.0.7727.119 windows #0-2] Update User Profile information
[chrome 147.0.7727.119 windows #0-2]    ✖ 
[chrome 147.0.7727.119 windows #0-2]    - Given the user is logged into their account
[chrome 147.0.7727.119 windows #0-2]    - And is on the Profile page
[chrome 147.0.7727.119 windows #0-2]    - When the user updates their password
[chrome 147.0.7727.119 windows #0-2]    - And clicks the Change Password button
[chrome 147.0.7727.119 windows #0-2]    - Then the new password should be saved successfully
[chrome 147.0.7727.119 windows #0-2]    - And a success message should appear
[chrome 147.0.7727.119 windows #0-2]
[chrome 147.0.7727.119 windows #0-2] 1 failing (15.6s)
[chrome 147.0.7727.119 windows #0-2] 6 skipped
[chrome 147.0.7727.119 windows #0-2]
[chrome 147.0.7727.119 windows #0-2] 1) Update User Profile information 
[chrome 147.0.7727.119 windows #0-2] Error: Expected redirect to login page after registration
[chrome 147.0.7727.119 windows #0-2] Error: Expected redirect to login page after registration
[chrome 147.0.7727.119 windows #0-2]     at <anonymous> (C:\Cursos\JavaScript\testing-epam\wdio-cucumber-e2e-specialization\node_modules\webdriverio\build\node.js:5771:15)
[chrome 147.0.7727.119 windows #0-2]     at async Browser.wrapCommandFn (C:\Cursos\JavaScript\testing-epam\wdio-cucumber-e2e-specialization\node_modules\@wdio\utils\build\index.js:982:23)
[chrome 147.0.7727.119 windows #0-2]     at async World.<anonymous> (C:\Cursos\JavaScript\testing-epam\wdio-cucumber-e2e-specialization\src\tests\step-definitions\hooks.ts:44:13)
[chrome 147.0.7727.119 windows #0-2]     at async World.executeAsync (C:\Cursos\JavaScript\testing-epam\wdio-cucumber-e2e-specialization\node_modules\@wdio\utils\build\index.js:1105:20)
[chrome 147.0.7727.119 windows #0-2]     at async World.testFrameworkFnWrapper (C:\Cursos\JavaScript\testing-epam\wdio-cucumber-e2e-specialization\node_modules\@wdio\utils\build\index.js:1177:14)
------------------------------------------------------------------
[chrome 147.0.7727.119 windows #0-3] Running: chrome (v147.0.7727.119) on windows
[chrome 147.0.7727.119 windows #0-3] Session ID: 3b6e3de2cd387357f8b0484fa7d1e707
[chrome 147.0.7727.119 windows #0-3]
[chrome 147.0.7727.119 windows #0-3] » src\tests\features\products\product-details.feature
[chrome 147.0.7727.119 windows #0-3] Product Details
[chrome 147.0.7727.119 windows #0-3] View Product Details
[chrome 147.0.7727.119 windows #0-3]    ✓ Given the user is on the Home page
[chrome 147.0.7727.119 windows #0-3]    ✓ When the user clicks on a specific product name or image
[chrome 147.0.7727.119 windows #0-3]    ✓ Then the system should open the Product Details page
[chrome 147.0.7727.119 windows #0-3]    ✓ And displays all the product's information (price, description, environmental impact, category)
[chrome 147.0.7727.119 windows #0-3]
[chrome 147.0.7727.119 windows #0-3] 4 passing (6s)
------------------------------------------------------------------
[chrome 147.0.7727.119 windows #0-4] Running: chrome (v147.0.7727.119) on windows
[chrome 147.0.7727.119 windows #0-4] Session ID: 50561a8d12deac590986753ff8a20bfc
[chrome 147.0.7727.119 windows #0-4]
[chrome 147.0.7727.119 windows #0-4] » src\tests\features\cart\cart-operations.feature
[chrome 147.0.7727.119 windows #0-4] Add to cart
[chrome 147.0.7727.119 windows #0-4] Add products to the cart
[chrome 147.0.7727.119 windows #0-4]    ✓ Given the user is on a Product Details page
[chrome 147.0.7727.119 windows #0-4]    ✓ When the user clicks Add to cart button
[chrome 147.0.7727.119 windows #0-4]    ✓ Then the product should be added to the cart list
[chrome 147.0.7727.119 windows #0-4]    ✖ And a successful message should appear
[chrome 147.0.7727.119 windows #0-4]
[chrome 147.0.7727.119 windows #0-4] 3 passing (13.2s)
[chrome 147.0.7727.119 windows #0-4] 1 failing
[chrome 147.0.7727.119 windows #0-4]
[chrome 147.0.7727.119 windows #0-4] 1) Add products to the cart And a successful message should appear
[chrome 147.0.7727.119 windows #0-4] Error: element ("//*[contains(text(),"shopping cart")]") still not displayed after 5000ms
[chrome 147.0.7727.119 windows #0-4] Error: element ("//*[contains(text(),"shopping cart")]") still not displayed after 5000ms
[chrome 147.0.7727.119 windows #0-4]     at <anonymous> (C:\Cursos\JavaScript\testing-epam\wdio-cucumber-e2e-specialization\node_modules\webdriverio\build\node.js:5771:15)
[chrome 147.0.7727.119 windows #0-4]     at async Element.wrapCommandFn (C:\Cursos\JavaScript\testing-epam\wdio-cucumber-e2e-specialization\node_modules\@wdio\utils\build\index.js:982:23)
[chrome 147.0.7727.119 windows #0-4]     at async Element.elementErrorHandlerCallbackFn (C:\Cursos\JavaScript\testing-epam\wdio-cucumber-e2e-specialization\node_modules\webdriverio\build\node.js:8515:24)
[chrome 147.0.7727.119 windows #0-4]     at async Element.wrapCommandFn (C:\Cursos\JavaScript\testing-epam\wdio-cucumber-e2e-specialization\node_modules\@wdio\utils\build\index.js:982:23)
[chrome 147.0.7727.119 windows #0-4]     at async Element.wrapCommandFn (C:\Cursos\JavaScript\testing-epam\wdio-cucumber-e2e-specialization\node_modules\@wdio\utils\build\index.js:982:23)
[chrome 147.0.7727.119 windows #0-4]     at async Element.elementErrorHandlerCallbackFn (C:\Cursos\JavaScript\testing-epam\wdio-cucumber-e2e-specialization\node_modules\webdriverio\build\node.js:8515:24)
[chrome 147.0.7727.119 windows #0-4]     at async Element.wrapCommandFn (C:\Cursos\JavaScript\testing-epam\wdio-cucumber-e2e-specialization\node_modules\@wdio\utils\build\index.js:982:23)
[chrome 147.0.7727.119 windows #0-4]     at async waitForElementVisible (C:\Cursos\JavaScript\testing-epam\wdio-cucumber-e2e-specialization\src\core\browser\wait-helper.ts:18:5)
[chrome 147.0.7727.119 windows #0-4]     at async World.<anonymous> (C:\Cursos\JavaScript\testing-epam\wdio-cucumber-e2e-specialization\src\tests\step-definitions\products\add2cart.steps.ts:25:5)
------------------------------------------------------------------
[chrome 147.0.7727.119 windows #0-4] Running: chrome (v147.0.7727.119) on windows
[chrome 147.0.7727.119 windows #0-4] Session ID: 4410d6807c29b67e1cf37c92b2a2d1ba
[chrome 147.0.7727.119 windows #0-4]
[chrome 147.0.7727.119 windows #0-4] » src\tests\features\cart\cart-operations.feature
[chrome 147.0.7727.119 windows #0-4] Add to cart
[chrome 147.0.7727.119 windows #0-4] Add products to the cart
[chrome 147.0.7727.119 windows #0-4]    ✓ Given the user is on a Product Details page
[chrome 147.0.7727.119 windows #0-4]    ✓ When the user clicks Add to cart button
[chrome 147.0.7727.119 windows #0-4]    ✓ Then the product should be added to the cart list
[chrome 147.0.7727.119 windows #0-4]    ✖ And a successful message should appear
[chrome 147.0.7727.119 windows #0-4]
[chrome 147.0.7727.119 windows #0-4] 3 passing (12.7s)
[chrome 147.0.7727.119 windows #0-4] 1 failing
[chrome 147.0.7727.119 windows #0-4]
[chrome 147.0.7727.119 windows #0-4] 1) Add products to the cart And a successful message should appear
[chrome 147.0.7727.119 windows #0-4] Error: element ("//*[contains(text(),"shopping cart")]") still not displayed after 5000ms
[chrome 147.0.7727.119 windows #0-4] Error: element ("//*[contains(text(),"shopping cart")]") still not displayed after 5000ms
[chrome 147.0.7727.119 windows #0-4]     at <anonymous> (C:\Cursos\JavaScript\testing-epam\wdio-cucumber-e2e-specialization\node_modules\webdriverio\build\node.js:5771:15)
[chrome 147.0.7727.119 windows #0-4]     at async Element.wrapCommandFn (C:\Cursos\JavaScript\testing-epam\wdio-cucumber-e2e-specialization\node_modules\@wdio\utils\build\index.js:982:23)
[chrome 147.0.7727.119 windows #0-4]     at async Element.elementErrorHandlerCallbackFn (C:\Cursos\JavaScript\testing-epam\wdio-cucumber-e2e-specialization\node_modules\webdriverio\build\node.js:8515:24)
[chrome 147.0.7727.119 windows #0-4]     at async Element.wrapCommandFn (C:\Cursos\JavaScript\testing-epam\wdio-cucumber-e2e-specialization\node_modules\@wdio\utils\build\index.js:982:23)
[chrome 147.0.7727.119 windows #0-4]     at async Element.wrapCommandFn (C:\Cursos\JavaScript\testing-epam\wdio-cucumber-e2e-specialization\node_modules\@wdio\utils\build\index.js:982:23)
[chrome 147.0.7727.119 windows #0-4]     at async Element.elementErrorHandlerCallbackFn (C:\Cursos\JavaScript\testing-epam\wdio-cucumber-e2e-specialization\node_modules\webdriverio\build\node.js:8515:24)
[chrome 147.0.7727.119 windows #0-4]     at async Element.wrapCommandFn (C:\Cursos\JavaScript\testing-epam\wdio-cucumber-e2e-specialization\node_modules\@wdio\utils\build\index.js:982:23)
[chrome 147.0.7727.119 windows #0-4]     at async waitForElementVisible (C:\Cursos\JavaScript\testing-epam\wdio-cucumber-e2e-specialization\src\core\browser\wait-helper.ts:18:5)
[chrome 147.0.7727.119 windows #0-4]     at async World.<anonymous> (C:\Cursos\JavaScript\testing-epam\wdio-cucumber-e2e-specialization\src\tests\step-definitions\products\add2cart.steps.ts:25:5)
------------------------------------------------------------------
[chrome 147.0.7727.119 windows #0-4] Running: chrome (v147.0.7727.119) on windows
[chrome 147.0.7727.119 windows #0-4] Session ID: 2dccf926bf0f45cb36c3fb294d27f4c0
[chrome 147.0.7727.119 windows #0-4]
[chrome 147.0.7727.119 windows #0-4] » src\tests\features\cart\cart-operations.feature
[chrome 147.0.7727.119 windows #0-4] Add to cart
[chrome 147.0.7727.119 windows #0-4] Add products to the cart
[chrome 147.0.7727.119 windows #0-4]    ✓ Given the user is on a Product Details page
[chrome 147.0.7727.119 windows #0-4]    ✓ When the user clicks Add to cart button
[chrome 147.0.7727.119 windows #0-4]    ✓ Then the product should be added to the cart list
[chrome 147.0.7727.119 windows #0-4]    ✖ And a successful message should appear
[chrome 147.0.7727.119 windows #0-4]
[chrome 147.0.7727.119 windows #0-4] 3 passing (13.2s)
[chrome 147.0.7727.119 windows #0-4] 1 failing
[chrome 147.0.7727.119 windows #0-4]
[chrome 147.0.7727.119 windows #0-4] 1) Add products to the cart And a successful message should appear
[chrome 147.0.7727.119 windows #0-4] Error: element ("//*[contains(text(),"shopping cart")]") still not displayed after 5000ms
[chrome 147.0.7727.119 windows #0-4] Error: element ("//*[contains(text(),"shopping cart")]") still not displayed after 5000ms
[chrome 147.0.7727.119 windows #0-4]     at <anonymous> (C:\Cursos\JavaScript\testing-epam\wdio-cucumber-e2e-specialization\node_modules\webdriverio\build\node.js:5771:15)
[chrome 147.0.7727.119 windows #0-4]     at async Element.wrapCommandFn (C:\Cursos\JavaScript\testing-epam\wdio-cucumber-e2e-specialization\node_modules\@wdio\utils\build\index.js:982:23)
[chrome 147.0.7727.119 windows #0-4]     at async Element.elementErrorHandlerCallbackFn (C:\Cursos\JavaScript\testing-epam\wdio-cucumber-e2e-specialization\node_modules\webdriverio\build\node.js:8515:24)
[chrome 147.0.7727.119 windows #0-4]     at async Element.wrapCommandFn (C:\Cursos\JavaScript\testing-epam\wdio-cucumber-e2e-specialization\node_modules\@wdio\utils\build\index.js:982:23)
[chrome 147.0.7727.119 windows #0-4]     at async Element.wrapCommandFn (C:\Cursos\JavaScript\testing-epam\wdio-cucumber-e2e-specialization\node_modules\@wdio\utils\build\index.js:982:23)
[chrome 147.0.7727.119 windows #0-4]     at async Element.elementErrorHandlerCallbackFn (C:\Cursos\JavaScript\testing-epam\wdio-cucumber-e2e-specialization\node_modules\webdriverio\build\node.js:8515:24)
[chrome 147.0.7727.119 windows #0-4]     at async Element.wrapCommandFn (C:\Cursos\JavaScript\testing-epam\wdio-cucumber-e2e-specialization\node_modules\@wdio\utils\build\index.js:982:23)
[chrome 147.0.7727.119 windows #0-4]     at async waitForElementVisible (C:\Cursos\JavaScript\testing-epam\wdio-cucumber-e2e-specialization\src\core\browser\wait-helper.ts:18:5)
[chrome 147.0.7727.119 windows #0-4]     at async World.<anonymous> (C:\Cursos\JavaScript\testing-epam\wdio-cucumber-e2e-specialization\src\tests\step-definitions\products\add2cart.steps.ts:25:5)
------------------------------------------------------------------
[chrome 147.0.7727.119 windows #0-5] Running: chrome (v147.0.7727.119) on windows
[chrome 147.0.7727.119 windows #0-5] Session ID: 5e2233c3a00d8c03897c00e2304e6588
[chrome 147.0.7727.119 windows #0-5]
[chrome 147.0.7727.119 windows #0-5] » src\tests\features\favorites\favorites.feature
[chrome 147.0.7727.119 windows #0-5] Favorite Products
[chrome 147.0.7727.119 windows #0-5] Add a product to Favorites
[chrome 147.0.7727.119 windows #0-5]    ✖ 
[chrome 147.0.7727.119 windows #0-5]    - Given the user is logged in
[chrome 147.0.7727.119 windows #0-5]    - And is in the Product Details page
[chrome 147.0.7727.119 windows #0-5]    - When the user clicks the Add to Favourites button
[chrome 147.0.7727.119 windows #0-5]    - Then the product should be added to the user's favorites list
[chrome 147.0.7727.119 windows #0-5]    - And the product should appear in the favorites page
[chrome 147.0.7727.119 windows #0-5]
[chrome 147.0.7727.119 windows #0-5] 1 failing (16.5s)
[chrome 147.0.7727.119 windows #0-5] 5 skipped
[chrome 147.0.7727.119 windows #0-5]
[chrome 147.0.7727.119 windows #0-5] 1) Add a product to Favorites 
[chrome 147.0.7727.119 windows #0-5] Error: Expected redirect to login page after registration
[chrome 147.0.7727.119 windows #0-5] Error: Expected redirect to login page after registration
[chrome 147.0.7727.119 windows #0-5]     at <anonymous> (C:\Cursos\JavaScript\testing-epam\wdio-cucumber-e2e-specialization\node_modules\webdriverio\build\node.js:5771:15)
[chrome 147.0.7727.119 windows #0-5]     at async Browser.wrapCommandFn (C:\Cursos\JavaScript\testing-epam\wdio-cucumber-e2e-specialization\node_modules\@wdio\utils\build\index.js:982:23)
[chrome 147.0.7727.119 windows #0-5]     at async World.<anonymous> (C:\Cursos\JavaScript\testing-epam\wdio-cucumber-e2e-specialization\src\tests\step-definitions\hooks.ts:60:13)
[chrome 147.0.7727.119 windows #0-5]     at async World.executeAsync (C:\Cursos\JavaScript\testing-epam\wdio-cucumber-e2e-specialization\node_modules\@wdio\utils\build\index.js:1105:20)
[chrome 147.0.7727.119 windows #0-5]     at async World.testFrameworkFnWrapper (C:\Cursos\JavaScript\testing-epam\wdio-cucumber-e2e-specialization\node_modules\@wdio\utils\build\index.js:1177:14)
------------------------------------------------------------------
[chrome 147.0.7727.119 windows #0-5] Running: chrome (v147.0.7727.119) on windows
[chrome 147.0.7727.119 windows #0-5] Session ID: 943de9646894ecfe2ff0c00982ee83f5
[chrome 147.0.7727.119 windows #0-5]
[chrome 147.0.7727.119 windows #0-5] » src\tests\features\favorites\favorites.feature
[chrome 147.0.7727.119 windows #0-5] Favorite Products
[chrome 147.0.7727.119 windows #0-5] Add a product to Favorites
[chrome 147.0.7727.119 windows #0-5]    ✖ 
[chrome 147.0.7727.119 windows #0-5]    - Given the user is logged in
[chrome 147.0.7727.119 windows #0-5]    - And is in the Product Details page
[chrome 147.0.7727.119 windows #0-5]    - When the user clicks the Add to Favourites button
[chrome 147.0.7727.119 windows #0-5]    - Then the product should be added to the user's favorites list
[chrome 147.0.7727.119 windows #0-5]    - And the product should appear in the favorites page
[chrome 147.0.7727.119 windows #0-5]
[chrome 147.0.7727.119 windows #0-5] 1 failing (16.1s)
[chrome 147.0.7727.119 windows #0-5] 5 skipped
[chrome 147.0.7727.119 windows #0-5]
[chrome 147.0.7727.119 windows #0-5] 1) Add a product to Favorites 
[chrome 147.0.7727.119 windows #0-5] Error: Expected redirect to login page after registration
[chrome 147.0.7727.119 windows #0-5] Error: Expected redirect to login page after registration
[chrome 147.0.7727.119 windows #0-5]     at <anonymous> (C:\Cursos\JavaScript\testing-epam\wdio-cucumber-e2e-specialization\node_modules\webdriverio\build\node.js:5771:15)
[chrome 147.0.7727.119 windows #0-5]     at async Browser.wrapCommandFn (C:\Cursos\JavaScript\testing-epam\wdio-cucumber-e2e-specialization\node_modules\@wdio\utils\build\index.js:982:23)
[chrome 147.0.7727.119 windows #0-5]     at async World.<anonymous> (C:\Cursos\JavaScript\testing-epam\wdio-cucumber-e2e-specialization\src\tests\step-definitions\hooks.ts:60:13)
[chrome 147.0.7727.119 windows #0-5]     at async World.executeAsync (C:\Cursos\JavaScript\testing-epam\wdio-cucumber-e2e-specialization\node_modules\@wdio\utils\build\index.js:1105:20)
[chrome 147.0.7727.119 windows #0-5]     at async World.testFrameworkFnWrapper (C:\Cursos\JavaScript\testing-epam\wdio-cucumber-e2e-specialization\node_modules\@wdio\utils\build\index.js:1177:14)
------------------------------------------------------------------
[chrome 147.0.7727.119 windows #0-5] Running: chrome (v147.0.7727.119) on windows
[chrome 147.0.7727.119 windows #0-5] Session ID: e644bfaeb57464bd04417d58336c4aa4
[chrome 147.0.7727.119 windows #0-5]
[chrome 147.0.7727.119 windows #0-5] » src\tests\features\favorites\favorites.feature
[chrome 147.0.7727.119 windows #0-5] Favorite Products
[chrome 147.0.7727.119 windows #0-5] Add a product to Favorites
[chrome 147.0.7727.119 windows #0-5]    ✖ 
[chrome 147.0.7727.119 windows #0-5]    - Given the user is logged in
[chrome 147.0.7727.119 windows #0-5]    - And is in the Product Details page
[chrome 147.0.7727.119 windows #0-5]    - When the user clicks the Add to Favourites button
[chrome 147.0.7727.119 windows #0-5]    - Then the product should be added to the user's favorites list
[chrome 147.0.7727.119 windows #0-5]    - And the product should appear in the favorites page
[chrome 147.0.7727.119 windows #0-5]
[chrome 147.0.7727.119 windows #0-5] 1 failing (16s)
[chrome 147.0.7727.119 windows #0-5] 5 skipped
[chrome 147.0.7727.119 windows #0-5]
[chrome 147.0.7727.119 windows #0-5] 1) Add a product to Favorites 
[chrome 147.0.7727.119 windows #0-5] Error: Expected redirect to login page after registration
[chrome 147.0.7727.119 windows #0-5] Error: Expected redirect to login page after registration
[chrome 147.0.7727.119 windows #0-5]     at <anonymous> (C:\Cursos\JavaScript\testing-epam\wdio-cucumber-e2e-specialization\node_modules\webdriverio\build\node.js:5771:15)
[chrome 147.0.7727.119 windows #0-5]     at async Browser.wrapCommandFn (C:\Cursos\JavaScript\testing-epam\wdio-cucumber-e2e-specialization\node_modules\@wdio\utils\build\index.js:982:23)
[chrome 147.0.7727.119 windows #0-5]     at async World.<anonymous> (C:\Cursos\JavaScript\testing-epam\wdio-cucumber-e2e-specialization\src\tests\step-definitions\hooks.ts:60:13)
[chrome 147.0.7727.119 windows #0-5]     at async World.executeAsync (C:\Cursos\JavaScript\testing-epam\wdio-cucumber-e2e-specialization\node_modules\@wdio\utils\build\index.js:1105:20)
[chrome 147.0.7727.119 windows #0-5]     at async World.testFrameworkFnWrapper (C:\Cursos\JavaScript\testing-epam\wdio-cucumber-e2e-specialization\node_modules\@wdio\utils\build\index.js:1177:14)
------------------------------------------------------------------
[chrome 147.0.7727.119 windows #0-6] Running: chrome (v147.0.7727.119) on windows
[chrome 147.0.7727.119 windows #0-6] Session ID: 133dcf6d58009fad2d0bc943b34fbe07
[chrome 147.0.7727.119 windows #0-6]
[chrome 147.0.7727.119 windows #0-6] » src\tests\features\products\search.feature
[chrome 147.0.7727.119 windows #0-6] Search Product
[chrome 147.0.7727.119 windows #0-6] Search for an exact product by name
[chrome 147.0.7727.119 windows #0-6]    ✓ Given the user navigates to the Home page
[chrome 147.0.7727.119 windows #0-6]    ✓ When the user enters Pliers in the search bar
[chrome 147.0.7727.119 windows #0-6]    ✓ And clicks the Search button
[chrome 147.0.7727.119 windows #0-6]    ✓ Then the search results should display only Pliers products
[chrome 147.0.7727.119 windows #0-6]
[chrome 147.0.7727.119 windows #0-6] 4 passing (7.2s)
------------------------------------------------------------------
[chrome 147.0.7727.119 windows #0-7] Running: chrome (v147.0.7727.119) on windows
[chrome 147.0.7727.119 windows #0-7] Session ID: ec6d8eb6d5ef61e6f8245fc5189069fc
[chrome 147.0.7727.119 windows #0-7]
[chrome 147.0.7727.119 windows #0-7] » src\tests\features\ui\language.feature
[chrome 147.0.7727.119 windows #0-7] Language Switching
[chrome 147.0.7727.119 windows #0-7] Change language on Home page
[chrome 147.0.7727.119 windows #0-7]    ✓ Given the user starts on the Home page
[chrome 147.0.7727.119 windows #0-7]    ✓ When the user changes the site language to Spanish (ES)
[chrome 147.0.7727.119 windows #0-7]    ✓ Then all interface text should appear in Spanish
[chrome 147.0.7727.119 windows #0-7]    ✓ But product names should remain in their original language
[chrome 147.0.7727.119 windows #0-7]
[chrome 147.0.7727.119 windows #0-7] 4 passing (3.5s)
------------------------------------------------------------------
[firefox 150.0.1 windows #1-0] Running: firefox (v150.0.1) on windows
[firefox 150.0.1 windows #1-0] Session ID: 3ab19c43-1782-484d-80da-c7b9aa0118a6
[firefox 150.0.1 windows #1-0]
[firefox 150.0.1 windows #1-0] » src\tests\features\auth\signup.feature
[firefox 150.0.1 windows #1-0] User Signup
[firefox 150.0.1 windows #1-0] Successful Sign Up with valid data
[firefox 150.0.1 windows #1-0]    ✓ Given the user is on the Sign Up page
[firefox 150.0.1 windows #1-0]    ✓ When the user enters a valid info in all required inputs
[firefox 150.0.1 windows #1-0]    ✓ And clicks the Register button
[firefox 150.0.1 windows #1-0]    ✖ Then the system should create a new account
[firefox 150.0.1 windows #1-0]    - And redirect to the Login page
[firefox 150.0.1 windows #1-0]
[firefox 150.0.1 windows #1-0] 3 passing (17s)
[firefox 150.0.1 windows #1-0] 1 failing
[firefox 150.0.1 windows #1-0] 1 skipped
[firefox 150.0.1 windows #1-0]
[firefox 150.0.1 windows #1-0] 1) Successful Sign Up with valid data Then the system should create a new account
[firefox 150.0.1 windows #1-0] Error: URL did not contain "/auth/login" within 10000ms
[firefox 150.0.1 windows #1-0] Error: URL did not contain "/auth/login" within 10000ms
[firefox 150.0.1 windows #1-0]     at <anonymous> (C:\Cursos\JavaScript\testing-epam\wdio-cucumber-e2e-specialization\node_modules\webdriverio\build\node.js:5771:15)
[firefox 150.0.1 windows #1-0]     at async Browser.wrapCommandFn (C:\Cursos\JavaScript\testing-epam\wdio-cucumber-e2e-specialization\node_modules\@wdio\utils\build\index.js:982:23)
[firefox 150.0.1 windows #1-0]     at async Module.waitForUrlToContain (C:\Cursos\JavaScript\testing-epam\wdio-cucumber-e2e-specialization\src\core\browser\wait-helper.ts:5:12)
[firefox 150.0.1 windows #1-0]     at async LoginPage.verifyOnLoginPage (C:\Cursos\JavaScript\testing-epam\wdio-cucumber-e2e-specialization\src\business\pages\auth\login.page.ts:28:9)
[firefox 150.0.1 windows #1-0]     at async World.<anonymous> (C:\Cursos\JavaScript\testing-epam\wdio-cucumber-e2e-specialization\src\tests\step-definitions\auth\signup.steps.ts:25:5)
------------------------------------------------------------------
[firefox 150.0.1 windows #1-0] Running: firefox (v150.0.1) on windows
[firefox 150.0.1 windows #1-0] Session ID: a0802d2f-cf4d-4b9f-a1a3-9f5458b56aa2
[firefox 150.0.1 windows #1-0]
[firefox 150.0.1 windows #1-0] » src\tests\features\auth\signup.feature
[firefox 150.0.1 windows #1-0] User Signup
[firefox 150.0.1 windows #1-0] Successful Sign Up with valid data
[firefox 150.0.1 windows #1-0]    ✓ Given the user is on the Sign Up page
[firefox 150.0.1 windows #1-0]    ✓ When the user enters a valid info in all required inputs
[firefox 150.0.1 windows #1-0]    ✓ And clicks the Register button
[firefox 150.0.1 windows #1-0]    ✖ Then the system should create a new account
[firefox 150.0.1 windows #1-0]    - And redirect to the Login page
[firefox 150.0.1 windows #1-0]
[firefox 150.0.1 windows #1-0] 3 passing (17s)
[firefox 150.0.1 windows #1-0] 1 failing
[firefox 150.0.1 windows #1-0] 1 skipped
[firefox 150.0.1 windows #1-0]
[firefox 150.0.1 windows #1-0] 1) Successful Sign Up with valid data Then the system should create a new account
[firefox 150.0.1 windows #1-0] Error: URL did not contain "/auth/login" within 10000ms
[firefox 150.0.1 windows #1-0] Error: URL did not contain "/auth/login" within 10000ms
[firefox 150.0.1 windows #1-0]     at <anonymous> (C:\Cursos\JavaScript\testing-epam\wdio-cucumber-e2e-specialization\node_modules\webdriverio\build\node.js:5771:15)
[firefox 150.0.1 windows #1-0]     at async Browser.wrapCommandFn (C:\Cursos\JavaScript\testing-epam\wdio-cucumber-e2e-specialization\node_modules\@wdio\utils\build\index.js:982:23)
[firefox 150.0.1 windows #1-0]     at async Module.waitForUrlToContain (C:\Cursos\JavaScript\testing-epam\wdio-cucumber-e2e-specialization\src\core\browser\wait-helper.ts:5:12)
[firefox 150.0.1 windows #1-0]     at async LoginPage.verifyOnLoginPage (C:\Cursos\JavaScript\testing-epam\wdio-cucumber-e2e-specialization\src\business\pages\auth\login.page.ts:28:9)
[firefox 150.0.1 windows #1-0]     at async World.<anonymous> (C:\Cursos\JavaScript\testing-epam\wdio-cucumber-e2e-specialization\src\tests\step-definitions\auth\signup.steps.ts:25:5)
------------------------------------------------------------------
[firefox 150.0.1 windows #1-0] Running: firefox (v150.0.1) on windows
[firefox 150.0.1 windows #1-0] Session ID: 3389a263-9f9e-4d0e-b14f-a2f1fb918e57
[firefox 150.0.1 windows #1-0]
[firefox 150.0.1 windows #1-0] » src\tests\features\auth\signup.feature
[firefox 150.0.1 windows #1-0] User Signup
[firefox 150.0.1 windows #1-0] Successful Sign Up with valid data
[firefox 150.0.1 windows #1-0]    ✓ Given the user is on the Sign Up page
[firefox 150.0.1 windows #1-0]    ✓ When the user enters a valid info in all required inputs
[firefox 150.0.1 windows #1-0]    ✓ And clicks the Register button
[firefox 150.0.1 windows #1-0]    ✖ Then the system should create a new account
[firefox 150.0.1 windows #1-0]    - And redirect to the Login page
[firefox 150.0.1 windows #1-0]
[firefox 150.0.1 windows #1-0] 3 passing (17.1s)
[firefox 150.0.1 windows #1-0] 1 failing
[firefox 150.0.1 windows #1-0] 1 skipped
[firefox 150.0.1 windows #1-0]
[firefox 150.0.1 windows #1-0] 1) Successful Sign Up with valid data Then the system should create a new account
[firefox 150.0.1 windows #1-0] Error: URL did not contain "/auth/login" within 10000ms
[firefox 150.0.1 windows #1-0] Error: URL did not contain "/auth/login" within 10000ms
[firefox 150.0.1 windows #1-0]     at <anonymous> (C:\Cursos\JavaScript\testing-epam\wdio-cucumber-e2e-specialization\node_modules\webdriverio\build\node.js:5771:15)
[firefox 150.0.1 windows #1-0]     at async Browser.wrapCommandFn (C:\Cursos\JavaScript\testing-epam\wdio-cucumber-e2e-specialization\node_modules\@wdio\utils\build\index.js:982:23)
[firefox 150.0.1 windows #1-0]     at async Module.waitForUrlToContain (C:\Cursos\JavaScript\testing-epam\wdio-cucumber-e2e-specialization\src\core\browser\wait-helper.ts:5:12)
[firefox 150.0.1 windows #1-0]     at async LoginPage.verifyOnLoginPage (C:\Cursos\JavaScript\testing-epam\wdio-cucumber-e2e-specialization\src\business\pages\auth\login.page.ts:28:9)
[firefox 150.0.1 windows #1-0]     at async World.<anonymous> (C:\Cursos\JavaScript\testing-epam\wdio-cucumber-e2e-specialization\src\tests\step-definitions\auth\signup.steps.ts:25:5)
------------------------------------------------------------------
[firefox 150.0.1 windows #1-1] Running: firefox (v150.0.1) on windows
[firefox 150.0.1 windows #1-1] Session ID: 70636403-44bc-495d-b5c7-7cfb559c5e31
[firefox 150.0.1 windows #1-1]
[firefox 150.0.1 windows #1-1] » src\tests\features\auth\login.feature
[firefox 150.0.1 windows #1-1] User Login
[firefox 150.0.1 windows #1-1] Successful login with valid credentials
[firefox 150.0.1 windows #1-1]    ✓ Given the user has a registered account
[firefox 150.0.1 windows #1-1]    ✓ And is on the Login page
[firefox 150.0.1 windows #1-1]    ✓ When the user enters a valid email and password
[firefox 150.0.1 windows #1-1]    ✓ And clicks the Login button
[firefox 150.0.1 windows #1-1]    ✓ Then the user should be redirected to My Account page
[firefox 150.0.1 windows #1-1]
[firefox 150.0.1 windows #1-1] 5 passing (5.6s)
------------------------------------------------------------------
[firefox 150.0.1 windows #1-2] Running: firefox (v150.0.1) on windows
[firefox 150.0.1 windows #1-2] Session ID: c247b7be-0f7a-4764-9e6e-80f61c03ceb7
[firefox 150.0.1 windows #1-2]
[firefox 150.0.1 windows #1-2] » src\tests\features\auth\profile.feature
[firefox 150.0.1 windows #1-2] User Profile Management
[firefox 150.0.1 windows #1-2] Update User Profile information
[firefox 150.0.1 windows #1-2]    ✖ 
[firefox 150.0.1 windows #1-2]    - Given the user is logged into their account
[firefox 150.0.1 windows #1-2]    - And is on the Profile page
[firefox 150.0.1 windows #1-2]    - When the user updates their password
[firefox 150.0.1 windows #1-2]    - And clicks the Change Password button
[firefox 150.0.1 windows #1-2]    - Then the new password should be saved successfully
[firefox 150.0.1 windows #1-2]    - And a success message should appear
[firefox 150.0.1 windows #1-2]
[firefox 150.0.1 windows #1-2] 1 failing (17.3s)
[firefox 150.0.1 windows #1-2] 6 skipped
[firefox 150.0.1 windows #1-2]
[firefox 150.0.1 windows #1-2] 1) Update User Profile information 
[firefox 150.0.1 windows #1-2] Error: Expected redirect to login page after registration
[firefox 150.0.1 windows #1-2] Error: Expected redirect to login page after registration
[firefox 150.0.1 windows #1-2]     at <anonymous> (C:\Cursos\JavaScript\testing-epam\wdio-cucumber-e2e-specialization\node_modules\webdriverio\build\node.js:5771:15)
[firefox 150.0.1 windows #1-2]     at async Browser.wrapCommandFn (C:\Cursos\JavaScript\testing-epam\wdio-cucumber-e2e-specialization\node_modules\@wdio\utils\build\index.js:982:23)
[firefox 150.0.1 windows #1-2]     at async World.<anonymous> (C:\Cursos\JavaScript\testing-epam\wdio-cucumber-e2e-specialization\src\tests\step-definitions\hooks.ts:44:13)
[firefox 150.0.1 windows #1-2]     at async World.executeAsync (C:\Cursos\JavaScript\testing-epam\wdio-cucumber-e2e-specialization\node_modules\@wdio\utils\build\index.js:1105:20)
[firefox 150.0.1 windows #1-2]     at async World.testFrameworkFnWrapper (C:\Cursos\JavaScript\testing-epam\wdio-cucumber-e2e-specialization\node_modules\@wdio\utils\build\index.js:1177:14)
------------------------------------------------------------------
[firefox 150.0.1 windows #1-2] Running: firefox (v150.0.1) on windows
[firefox 150.0.1 windows #1-2] Session ID: 3f4a1005-7753-4fb6-bf13-51e096547c1a
[firefox 150.0.1 windows #1-2]
[firefox 150.0.1 windows #1-2] » src\tests\features\auth\profile.feature
[firefox 150.0.1 windows #1-2] User Profile Management
[firefox 150.0.1 windows #1-2] Update User Profile information
[firefox 150.0.1 windows #1-2]    ✖ 
[firefox 150.0.1 windows #1-2]    - Given the user is logged into their account
[firefox 150.0.1 windows #1-2]    - And is on the Profile page
[firefox 150.0.1 windows #1-2]    - When the user updates their password
[firefox 150.0.1 windows #1-2]    - And clicks the Change Password button
[firefox 150.0.1 windows #1-2]    - Then the new password should be saved successfully
[firefox 150.0.1 windows #1-2]    - And a success message should appear
[firefox 150.0.1 windows #1-2]
[firefox 150.0.1 windows #1-2] 1 failing (17.1s)
[firefox 150.0.1 windows #1-2] 6 skipped
[firefox 150.0.1 windows #1-2]
[firefox 150.0.1 windows #1-2] 1) Update User Profile information 
[firefox 150.0.1 windows #1-2] Error: Expected redirect to login page after registration
[firefox 150.0.1 windows #1-2] Error: Expected redirect to login page after registration
[firefox 150.0.1 windows #1-2]     at <anonymous> (C:\Cursos\JavaScript\testing-epam\wdio-cucumber-e2e-specialization\node_modules\webdriverio\build\node.js:5771:15)
[firefox 150.0.1 windows #1-2]     at async Browser.wrapCommandFn (C:\Cursos\JavaScript\testing-epam\wdio-cucumber-e2e-specialization\node_modules\@wdio\utils\build\index.js:982:23)
[firefox 150.0.1 windows #1-2]     at async World.<anonymous> (C:\Cursos\JavaScript\testing-epam\wdio-cucumber-e2e-specialization\src\tests\step-definitions\hooks.ts:44:13)
[firefox 150.0.1 windows #1-2]     at async World.executeAsync (C:\Cursos\JavaScript\testing-epam\wdio-cucumber-e2e-specialization\node_modules\@wdio\utils\build\index.js:1105:20)
[firefox 150.0.1 windows #1-2]     at async World.testFrameworkFnWrapper (C:\Cursos\JavaScript\testing-epam\wdio-cucumber-e2e-specialization\node_modules\@wdio\utils\build\index.js:1177:14)
------------------------------------------------------------------
[firefox 150.0.1 windows #1-2] Running: firefox (v150.0.1) on windows
[firefox 150.0.1 windows #1-2] Session ID: a823b560-105d-44f2-b7f4-4b7093eddcb1
[firefox 150.0.1 windows #1-2]
[firefox 150.0.1 windows #1-2] » src\tests\features\auth\profile.feature
[firefox 150.0.1 windows #1-2] User Profile Management
[firefox 150.0.1 windows #1-2] Update User Profile information
[firefox 150.0.1 windows #1-2]    ✖ 
[firefox 150.0.1 windows #1-2]    - Given the user is logged into their account
[firefox 150.0.1 windows #1-2]    - And is on the Profile page
[firefox 150.0.1 windows #1-2]    - When the user updates their password
[firefox 150.0.1 windows #1-2]    - And clicks the Change Password button
[firefox 150.0.1 windows #1-2]    - Then the new password should be saved successfully
[firefox 150.0.1 windows #1-2]    - And a success message should appear
[firefox 150.0.1 windows #1-2]
[firefox 150.0.1 windows #1-2] 1 failing (16.9s)
[firefox 150.0.1 windows #1-2] 6 skipped
[firefox 150.0.1 windows #1-2]
[firefox 150.0.1 windows #1-2] 1) Update User Profile information 
[firefox 150.0.1 windows #1-2] Error: Expected redirect to login page after registration
[firefox 150.0.1 windows #1-2] Error: Expected redirect to login page after registration
[firefox 150.0.1 windows #1-2]     at <anonymous> (C:\Cursos\JavaScript\testing-epam\wdio-cucumber-e2e-specialization\node_modules\webdriverio\build\node.js:5771:15)
[firefox 150.0.1 windows #1-2]     at async Browser.wrapCommandFn (C:\Cursos\JavaScript\testing-epam\wdio-cucumber-e2e-specialization\node_modules\@wdio\utils\build\index.js:982:23)
[firefox 150.0.1 windows #1-2]     at async World.<anonymous> (C:\Cursos\JavaScript\testing-epam\wdio-cucumber-e2e-specialization\src\tests\step-definitions\hooks.ts:44:13)
[firefox 150.0.1 windows #1-2]     at async World.executeAsync (C:\Cursos\JavaScript\testing-epam\wdio-cucumber-e2e-specialization\node_modules\@wdio\utils\build\index.js:1105:20)
[firefox 150.0.1 windows #1-2]     at async World.testFrameworkFnWrapper (C:\Cursos\JavaScript\testing-epam\wdio-cucumber-e2e-specialization\node_modules\@wdio\utils\build\index.js:1177:14)
------------------------------------------------------------------
[firefox 150.0.1 windows #1-3] Running: firefox (v150.0.1) on windows
[firefox 150.0.1 windows #1-3] Session ID: c716e9ac-ba01-4c84-8e29-934c6a1a1317
[firefox 150.0.1 windows #1-3]
[firefox 150.0.1 windows #1-3] » src\tests\features\products\product-details.feature
[firefox 150.0.1 windows #1-3] Product Details
[firefox 150.0.1 windows #1-3] View Product Details
[firefox 150.0.1 windows #1-3]    ✓ Given the user is on the Home page
[firefox 150.0.1 windows #1-3]    ✓ When the user clicks on a specific product name or image
[firefox 150.0.1 windows #1-3]    ✓ Then the system should open the Product Details page
[firefox 150.0.1 windows #1-3]    ✓ And displays all the product's information (price, description, environmental impact, category)
[firefox 150.0.1 windows #1-3]
[firefox 150.0.1 windows #1-3] 4 passing (6.1s)
------------------------------------------------------------------
[firefox 150.0.1 windows #1-4] Running: firefox (v150.0.1) on windows
[firefox 150.0.1 windows #1-4] Session ID: ee60da34-37da-48ad-87d1-3e547c729bf7
[firefox 150.0.1 windows #1-4]
[firefox 150.0.1 windows #1-4] » src\tests\features\cart\cart-operations.feature
[firefox 150.0.1 windows #1-4] Add to cart
[firefox 150.0.1 windows #1-4] Add products to the cart
[firefox 150.0.1 windows #1-4]    ✓ Given the user is on a Product Details page
[firefox 150.0.1 windows #1-4]    ✓ When the user clicks Add to cart button
[firefox 150.0.1 windows #1-4]    ✓ Then the product should be added to the cart list
[firefox 150.0.1 windows #1-4]    ✖ And a successful message should appear
[firefox 150.0.1 windows #1-4]
[firefox 150.0.1 windows #1-4] 3 passing (12.5s)
[firefox 150.0.1 windows #1-4] 1 failing
[firefox 150.0.1 windows #1-4]
[firefox 150.0.1 windows #1-4] 1) Add products to the cart And a successful message should appear
[firefox 150.0.1 windows #1-4] Error: element ("//*[contains(text(),"shopping cart")]") still not displayed after 5000ms
[firefox 150.0.1 windows #1-4] Error: element ("//*[contains(text(),"shopping cart")]") still not displayed after 5000ms
[firefox 150.0.1 windows #1-4]     at <anonymous> (C:\Cursos\JavaScript\testing-epam\wdio-cucumber-e2e-specialization\node_modules\webdriverio\build\node.js:5771:15)
[firefox 150.0.1 windows #1-4]     at async Element.wrapCommandFn (C:\Cursos\JavaScript\testing-epam\wdio-cucumber-e2e-specialization\node_modules\@wdio\utils\build\index.js:982:23)
[firefox 150.0.1 windows #1-4]     at async Element.elementErrorHandlerCallbackFn (C:\Cursos\JavaScript\testing-epam\wdio-cucumber-e2e-specialization\node_modules\webdriverio\build\node.js:8515:24)
[firefox 150.0.1 windows #1-4]     at async Element.wrapCommandFn (C:\Cursos\JavaScript\testing-epam\wdio-cucumber-e2e-specialization\node_modules\@wdio\utils\build\index.js:982:23)
[firefox 150.0.1 windows #1-4]     at async Element.wrapCommandFn (C:\Cursos\JavaScript\testing-epam\wdio-cucumber-e2e-specialization\node_modules\@wdio\utils\build\index.js:982:23)
[firefox 150.0.1 windows #1-4]     at async Element.elementErrorHandlerCallbackFn (C:\Cursos\JavaScript\testing-epam\wdio-cucumber-e2e-specialization\node_modules\webdriverio\build\node.js:8515:24)
[firefox 150.0.1 windows #1-4]     at async Element.wrapCommandFn (C:\Cursos\JavaScript\testing-epam\wdio-cucumber-e2e-specialization\node_modules\@wdio\utils\build\index.js:982:23)
[firefox 150.0.1 windows #1-4]     at async waitForElementVisible (C:\Cursos\JavaScript\testing-epam\wdio-cucumber-e2e-specialization\src\core\browser\wait-helper.ts:18:5)
[firefox 150.0.1 windows #1-4]     at async World.<anonymous> (C:\Cursos\JavaScript\testing-epam\wdio-cucumber-e2e-specialization\src\tests\step-definitions\products\add2cart.steps.ts:25:5)
------------------------------------------------------------------
[firefox 150.0.1 windows #1-4] Running: firefox (v150.0.1) on windows
[firefox 150.0.1 windows #1-4] Session ID: 9afe2606-3f14-4375-a14f-1cf4b82eef9d
[firefox 150.0.1 windows #1-4]
[firefox 150.0.1 windows #1-4] » src\tests\features\cart\cart-operations.feature
[firefox 150.0.1 windows #1-4] Add to cart
[firefox 150.0.1 windows #1-4] Add products to the cart
[firefox 150.0.1 windows #1-4]    ✓ Given the user is on a Product Details page
[firefox 150.0.1 windows #1-4]    ✓ When the user clicks Add to cart button
[firefox 150.0.1 windows #1-4]    ✓ Then the product should be added to the cart list
[firefox 150.0.1 windows #1-4]    ✖ And a successful message should appear
[firefox 150.0.1 windows #1-4]
[firefox 150.0.1 windows #1-4] 3 passing (20.4s)
[firefox 150.0.1 windows #1-4] 1 failing
[firefox 150.0.1 windows #1-4]
[firefox 150.0.1 windows #1-4] 1) Add products to the cart And a successful message should appear
[firefox 150.0.1 windows #1-4] Error: element ("//*[contains(text(),"shopping cart")]") still not displayed after 5000ms
[firefox 150.0.1 windows #1-4] Error: element ("//*[contains(text(),"shopping cart")]") still not displayed after 5000ms
[firefox 150.0.1 windows #1-4]     at <anonymous> (C:\Cursos\JavaScript\testing-epam\wdio-cucumber-e2e-specialization\node_modules\webdriverio\build\node.js:5771:15)
[firefox 150.0.1 windows #1-4]     at async Element.wrapCommandFn (C:\Cursos\JavaScript\testing-epam\wdio-cucumber-e2e-specialization\node_modules\@wdio\utils\build\index.js:982:23)
[firefox 150.0.1 windows #1-4]     at async Element.elementErrorHandlerCallbackFn (C:\Cursos\JavaScript\testing-epam\wdio-cucumber-e2e-specialization\node_modules\webdriverio\build\node.js:8515:24)
[firefox 150.0.1 windows #1-4]     at async Element.wrapCommandFn (C:\Cursos\JavaScript\testing-epam\wdio-cucumber-e2e-specialization\node_modules\@wdio\utils\build\index.js:982:23)
[firefox 150.0.1 windows #1-4]     at async Element.wrapCommandFn (C:\Cursos\JavaScript\testing-epam\wdio-cucumber-e2e-specialization\node_modules\@wdio\utils\build\index.js:982:23)
[firefox 150.0.1 windows #1-4]     at async Element.elementErrorHandlerCallbackFn (C:\Cursos\JavaScript\testing-epam\wdio-cucumber-e2e-specialization\node_modules\webdriverio\build\node.js:8515:24)
[firefox 150.0.1 windows #1-4]     at async Element.wrapCommandFn (C:\Cursos\JavaScript\testing-epam\wdio-cucumber-e2e-specialization\node_modules\@wdio\utils\build\index.js:982:23)
[firefox 150.0.1 windows #1-4]     at async waitForElementVisible (C:\Cursos\JavaScript\testing-epam\wdio-cucumber-e2e-specialization\src\core\browser\wait-helper.ts:18:5)
[firefox 150.0.1 windows #1-4]     at async World.<anonymous> (C:\Cursos\JavaScript\testing-epam\wdio-cucumber-e2e-specialization\src\tests\step-definitions\products\add2cart.steps.ts:25:5)
------------------------------------------------------------------
[firefox 150.0.1 windows #1-4] Running: firefox (v150.0.1) on windows
[firefox 150.0.1 windows #1-4] Session ID: 9721180b-9800-4788-840f-382259ccdb9c
[firefox 150.0.1 windows #1-4]
[firefox 150.0.1 windows #1-4] » src\tests\features\cart\cart-operations.feature
[firefox 150.0.1 windows #1-4] Add to cart
[firefox 150.0.1 windows #1-4] Add products to the cart
[firefox 150.0.1 windows #1-4]    ✓ Given the user is on a Product Details page
[firefox 150.0.1 windows #1-4]    ✓ When the user clicks Add to cart button
[firefox 150.0.1 windows #1-4]    ✓ Then the product should be added to the cart list
[firefox 150.0.1 windows #1-4]    ✖ And a successful message should appear
[firefox 150.0.1 windows #1-4]
[firefox 150.0.1 windows #1-4] 3 passing (13.2s)
[firefox 150.0.1 windows #1-4] 1 failing
[firefox 150.0.1 windows #1-4]
[firefox 150.0.1 windows #1-4] 1) Add products to the cart And a successful message should appear
[firefox 150.0.1 windows #1-4] Error: element ("//*[contains(text(),"shopping cart")]") still not displayed after 5000ms
[firefox 150.0.1 windows #1-4] Error: element ("//*[contains(text(),"shopping cart")]") still not displayed after 5000ms
[firefox 150.0.1 windows #1-4]     at <anonymous> (C:\Cursos\JavaScript\testing-epam\wdio-cucumber-e2e-specialization\node_modules\webdriverio\build\node.js:5771:15)
[firefox 150.0.1 windows #1-4]     at async Element.wrapCommandFn (C:\Cursos\JavaScript\testing-epam\wdio-cucumber-e2e-specialization\node_modules\@wdio\utils\build\index.js:982:23)
[firefox 150.0.1 windows #1-4]     at async Element.elementErrorHandlerCallbackFn (C:\Cursos\JavaScript\testing-epam\wdio-cucumber-e2e-specialization\node_modules\webdriverio\build\node.js:8515:24)
[firefox 150.0.1 windows #1-4]     at async Element.wrapCommandFn (C:\Cursos\JavaScript\testing-epam\wdio-cucumber-e2e-specialization\node_modules\@wdio\utils\build\index.js:982:23)
[firefox 150.0.1 windows #1-4]     at async Element.wrapCommandFn (C:\Cursos\JavaScript\testing-epam\wdio-cucumber-e2e-specialization\node_modules\@wdio\utils\build\index.js:982:23)
[firefox 150.0.1 windows #1-4]     at async Element.elementErrorHandlerCallbackFn (C:\Cursos\JavaScript\testing-epam\wdio-cucumber-e2e-specialization\node_modules\webdriverio\build\node.js:8515:24)
[firefox 150.0.1 windows #1-4]     at async Element.wrapCommandFn (C:\Cursos\JavaScript\testing-epam\wdio-cucumber-e2e-specialization\node_modules\@wdio\utils\build\index.js:982:23)
[firefox 150.0.1 windows #1-4]     at async waitForElementVisible (C:\Cursos\JavaScript\testing-epam\wdio-cucumber-e2e-specialization\src\core\browser\wait-helper.ts:18:5)
[firefox 150.0.1 windows #1-4]     at async World.<anonymous> (C:\Cursos\JavaScript\testing-epam\wdio-cucumber-e2e-specialization\src\tests\step-definitions\products\add2cart.steps.ts:25:5)
------------------------------------------------------------------
[firefox 150.0.1 windows #1-5] Running: firefox (v150.0.1) on windows
[firefox 150.0.1 windows #1-5] Session ID: 7f810ebc-0bb0-4537-819d-edb91c9e908d
[firefox 150.0.1 windows #1-5]
[firefox 150.0.1 windows #1-5] » src\tests\features\favorites\favorites.feature
[firefox 150.0.1 windows #1-5] Favorite Products
[firefox 150.0.1 windows #1-5] Add a product to Favorites
[firefox 150.0.1 windows #1-5]    ✖ 
[firefox 150.0.1 windows #1-5]    - Given the user is logged in
[firefox 150.0.1 windows #1-5]    - And is in the Product Details page
[firefox 150.0.1 windows #1-5]    - When the user clicks the Add to Favourites button
[firefox 150.0.1 windows #1-5]    - Then the product should be added to the user's favorites list
[firefox 150.0.1 windows #1-5]    - And the product should appear in the favorites page
[firefox 150.0.1 windows #1-5]
[firefox 150.0.1 windows #1-5] 1 failing (17.4s)
[firefox 150.0.1 windows #1-5] 5 skipped
[firefox 150.0.1 windows #1-5]
[firefox 150.0.1 windows #1-5] 1) Add a product to Favorites 
[firefox 150.0.1 windows #1-5] Error: Expected redirect to login page after registration
[firefox 150.0.1 windows #1-5] Error: Expected redirect to login page after registration
[firefox 150.0.1 windows #1-5]     at <anonymous> (C:\Cursos\JavaScript\testing-epam\wdio-cucumber-e2e-specialization\node_modules\webdriverio\build\node.js:5771:15)
[firefox 150.0.1 windows #1-5]     at async Browser.wrapCommandFn (C:\Cursos\JavaScript\testing-epam\wdio-cucumber-e2e-specialization\node_modules\@wdio\utils\build\index.js:982:23)
[firefox 150.0.1 windows #1-5]     at async World.<anonymous> (C:\Cursos\JavaScript\testing-epam\wdio-cucumber-e2e-specialization\src\tests\step-definitions\hooks.ts:60:13)
[firefox 150.0.1 windows #1-5]     at async World.executeAsync (C:\Cursos\JavaScript\testing-epam\wdio-cucumber-e2e-specialization\node_modules\@wdio\utils\build\index.js:1105:20)
[firefox 150.0.1 windows #1-5]     at async World.testFrameworkFnWrapper (C:\Cursos\JavaScript\testing-epam\wdio-cucumber-e2e-specialization\node_modules\@wdio\utils\build\index.js:1177:14)
------------------------------------------------------------------
[firefox 150.0.1 windows #1-5] Running: firefox (v150.0.1) on windows
[firefox 150.0.1 windows #1-5] Session ID: e1e14b08-8423-430d-8b7a-14eb47b46ec5
[firefox 150.0.1 windows #1-5]
[firefox 150.0.1 windows #1-5] » src\tests\features\favorites\favorites.feature
[firefox 150.0.1 windows #1-5] Favorite Products
[firefox 150.0.1 windows #1-5] Add a product to Favorites
[firefox 150.0.1 windows #1-5]    ✖ 
[firefox 150.0.1 windows #1-5]    - Given the user is logged in
[firefox 150.0.1 windows #1-5]    - And is in the Product Details page
[firefox 150.0.1 windows #1-5]    - When the user clicks the Add to Favourites button
[firefox 150.0.1 windows #1-5]    - Then the product should be added to the user's favorites list
[firefox 150.0.1 windows #1-5]    - And the product should appear in the favorites page
[firefox 150.0.1 windows #1-5]
[firefox 150.0.1 windows #1-5] 1 failing (17.1s)
[firefox 150.0.1 windows #1-5] 5 skipped
[firefox 150.0.1 windows #1-5]
[firefox 150.0.1 windows #1-5] 1) Add a product to Favorites 
[firefox 150.0.1 windows #1-5] Error: Expected redirect to login page after registration
[firefox 150.0.1 windows #1-5] Error: Expected redirect to login page after registration
[firefox 150.0.1 windows #1-5]     at <anonymous> (C:\Cursos\JavaScript\testing-epam\wdio-cucumber-e2e-specialization\node_modules\webdriverio\build\node.js:5771:15)
[firefox 150.0.1 windows #1-5]     at process.processTimers (node:internal/timers:516:9)
[firefox 150.0.1 windows #1-5]     at async Browser.wrapCommandFn (C:\Cursos\JavaScript\testing-epam\wdio-cucumber-e2e-specialization\node_modules\@wdio\utils\build\index.js:982:23)
[firefox 150.0.1 windows #1-5]     at async World.<anonymous> (C:\Cursos\JavaScript\testing-epam\wdio-cucumber-e2e-specialization\src\tests\step-definitions\hooks.ts:60:13)
[firefox 150.0.1 windows #1-5]     at async World.executeAsync (C:\Cursos\JavaScript\testing-epam\wdio-cucumber-e2e-specialization\node_modules\@wdio\utils\build\index.js:1105:20)
[firefox 150.0.1 windows #1-5]     at async World.testFrameworkFnWrapper (C:\Cursos\JavaScript\testing-epam\wdio-cucumber-e2e-specialization\node_modules\@wdio\utils\build\index.js:1177:14)
------------------------------------------------------------------
[firefox 150.0.1 windows #1-5] Running: firefox (v150.0.1) on windows
[firefox 150.0.1 windows #1-5] Session ID: f577142a-923d-4713-996e-1b42610862d6
[firefox 150.0.1 windows #1-5]
[firefox 150.0.1 windows #1-5] » src\tests\features\favorites\favorites.feature
[firefox 150.0.1 windows #1-5] Favorite Products
[firefox 150.0.1 windows #1-5] Add a product to Favorites
[firefox 150.0.1 windows #1-5]    ✖ 
[firefox 150.0.1 windows #1-5]    - Given the user is logged in
[firefox 150.0.1 windows #1-5]    - And is in the Product Details page
[firefox 150.0.1 windows #1-5]    - When the user clicks the Add to Favourites button
[firefox 150.0.1 windows #1-5]    - Then the product should be added to the user's favorites list
[firefox 150.0.1 windows #1-5]    - And the product should appear in the favorites page
[firefox 150.0.1 windows #1-5]
[firefox 150.0.1 windows #1-5] 1 failing (17.4s)
[firefox 150.0.1 windows #1-5] 5 skipped
[firefox 150.0.1 windows #1-5]
[firefox 150.0.1 windows #1-5] 1) Add a product to Favorites 
[firefox 150.0.1 windows #1-5] Error: Expected redirect to login page after registration
[firefox 150.0.1 windows #1-5] Error: Expected redirect to login page after registration
[firefox 150.0.1 windows #1-5]     at <anonymous> (C:\Cursos\JavaScript\testing-epam\wdio-cucumber-e2e-specialization\node_modules\webdriverio\build\node.js:5771:15)
[firefox 150.0.1 windows #1-5]     at async Browser.wrapCommandFn (C:\Cursos\JavaScript\testing-epam\wdio-cucumber-e2e-specialization\node_modules\@wdio\utils\build\index.js:982:23)
[firefox 150.0.1 windows #1-5]     at async World.<anonymous> (C:\Cursos\JavaScript\testing-epam\wdio-cucumber-e2e-specialization\src\tests\step-definitions\hooks.ts:60:13)
[firefox 150.0.1 windows #1-5]     at async World.executeAsync (C:\Cursos\JavaScript\testing-epam\wdio-cucumber-e2e-specialization\node_modules\@wdio\utils\build\index.js:1105:20)
[firefox 150.0.1 windows #1-5]     at async World.testFrameworkFnWrapper (C:\Cursos\JavaScript\testing-epam\wdio-cucumber-e2e-specialization\node_modules\@wdio\utils\build\index.js:1177:14)
------------------------------------------------------------------
[firefox 150.0.1 windows #1-6] Running: firefox (v150.0.1) on windows
[firefox 150.0.1 windows #1-6] Session ID: 134f07e2-1ec3-4808-9ff5-9d858ba5fbc4
[firefox 150.0.1 windows #1-6]
[firefox 150.0.1 windows #1-6] » src\tests\features\products\search.feature
[firefox 150.0.1 windows #1-6] Search Product
[firefox 150.0.1 windows #1-6] Search for an exact product by name
[firefox 150.0.1 windows #1-6]    ✓ Given the user navigates to the Home page
[firefox 150.0.1 windows #1-6]    ✓ When the user enters Pliers in the search bar
[firefox 150.0.1 windows #1-6]    ✓ And clicks the Search button
[firefox 150.0.1 windows #1-6]    ✓ Then the search results should display only Pliers products
[firefox 150.0.1 windows #1-6]
[firefox 150.0.1 windows #1-6] 4 passing (8.6s)
------------------------------------------------------------------
[firefox 150.0.1 windows #1-7] Running: firefox (v150.0.1) on windows
[firefox 150.0.1 windows #1-7] Session ID: 19eff313-affc-4a70-bb1d-284e490e3e35
[firefox 150.0.1 windows #1-7]
[firefox 150.0.1 windows #1-7] » src\tests\features\ui\language.feature
[firefox 150.0.1 windows #1-7] Language Switching
[firefox 150.0.1 windows #1-7] Change language on Home page
[firefox 150.0.1 windows #1-7]    ✓ Given the user starts on the Home page
[firefox 150.0.1 windows #1-7]    ✓ When the user changes the site language to Spanish (ES)
[firefox 150.0.1 windows #1-7]    ✓ Then all interface text should appear in Spanish
[firefox 150.0.1 windows #1-7]    ✓ But product names should remain in their original language
[firefox 150.0.1 windows #1-7]
[firefox 150.0.1 windows #1-7] 4 passing (5.5s)


Spec Files:	 8 passed, 16 retries, 8 failed, 16 total (100% completed) in 00:10:12  

[17:42:44.603] [32mINFO[39m (27056): [36m
📊 Test Summary[39m
[17:42:44.606] [32mINFO[39m (27056): [36m✅ Passed: 8[39m
[17:42:44.607] [32mINFO[39m (27056): [36m❌ Failed: 8
[39m
